Archive member included to satisfy reference by file (symbol)

c:/program files (x86)/atmel/studio/7.0/toolchain/avr8/avr8-gnu-toolchain/bin/../lib/gcc/avr/5.4.0/../../../../avr/lib/avr51\libm.a(addsf3.o)
                              Libraria/function.o (__subsf3)
c:/program files (x86)/atmel/studio/7.0/toolchain/avr8/avr8-gnu-toolchain/bin/../lib/gcc/avr/5.4.0/../../../../avr/lib/avr51\libm.a(addsf3x.o)
                              c:/program files (x86)/atmel/studio/7.0/toolchain/avr8/avr8-gnu-toolchain/bin/../lib/gcc/avr/5.4.0/../../../../avr/lib/avr51\libm.a(addsf3.o) (__addsf3x)
c:/program files (x86)/atmel/studio/7.0/toolchain/avr8/avr8-gnu-toolchain/bin/../lib/gcc/avr/5.4.0/../../../../avr/lib/avr51\libm.a(cmpsf2.o)
                              Libraria/function.o (__ltsf2)
c:/program files (x86)/atmel/studio/7.0/toolchain/avr8/avr8-gnu-toolchain/bin/../lib/gcc/avr/5.4.0/../../../../avr/lib/avr51\libm.a(fixsfsi.o)
                              Libraria/function.o (__fixsfsi)
c:/program files (x86)/atmel/studio/7.0/toolchain/avr8/avr8-gnu-toolchain/bin/../lib/gcc/avr/5.4.0/../../../../avr/lib/avr51\libm.a(fixunssfsi.o)
                              c:/program files (x86)/atmel/studio/7.0/toolchain/avr8/avr8-gnu-toolchain/bin/../lib/gcc/avr/5.4.0/../../../../avr/lib/avr51\libm.a(fixsfsi.o) (__fixunssfsi)
c:/program files (x86)/atmel/studio/7.0/toolchain/avr8/avr8-gnu-toolchain/bin/../lib/gcc/avr/5.4.0/../../../../avr/lib/avr51\libm.a(floatsisf.o)
                              Libraria/function.o (__floatunsisf)
c:/program files (x86)/atmel/studio/7.0/toolchain/avr8/avr8-gnu-toolchain/bin/../lib/gcc/avr/5.4.0/../../../../avr/lib/avr51\libm.a(fp_cmp.o)
                              c:/program files (x86)/atmel/studio/7.0/toolchain/avr8/avr8-gnu-toolchain/bin/../lib/gcc/avr/5.4.0/../../../../avr/lib/avr51\libm.a(cmpsf2.o) (__fp_cmp)
c:/program files (x86)/atmel/studio/7.0/toolchain/avr8/avr8-gnu-toolchain/bin/../lib/gcc/avr/5.4.0/../../../../avr/lib/avr51\libm.a(fp_inf.o)
                              c:/program files (x86)/atmel/studio/7.0/toolchain/avr8/avr8-gnu-toolchain/bin/../lib/gcc/avr/5.4.0/../../../../avr/lib/avr51\libm.a(addsf3x.o) (__fp_inf)
c:/program files (x86)/atmel/studio/7.0/toolchain/avr8/avr8-gnu-toolchain/bin/../lib/gcc/avr/5.4.0/../../../../avr/lib/avr51\libm.a(fp_nan.o)
                              c:/program files (x86)/atmel/studio/7.0/toolchain/avr8/avr8-gnu-toolchain/bin/../lib/gcc/avr/5.4.0/../../../../avr/lib/avr51\libm.a(addsf3x.o) (__fp_nan)
c:/program files (x86)/atmel/studio/7.0/toolchain/avr8/avr8-gnu-toolchain/bin/../lib/gcc/avr/5.4.0/../../../../avr/lib/avr51\libm.a(fp_pscA.o)
                              c:/program files (x86)/atmel/studio/7.0/toolchain/avr8/avr8-gnu-toolchain/bin/../lib/gcc/avr/5.4.0/../../../../avr/lib/avr51\libm.a(addsf3x.o) (__fp_pscA)
c:/program files (x86)/atmel/studio/7.0/toolchain/avr8/avr8-gnu-toolchain/bin/../lib/gcc/avr/5.4.0/../../../../avr/lib/avr51\libm.a(fp_pscB.o)
                              c:/program files (x86)/atmel/studio/7.0/toolchain/avr8/avr8-gnu-toolchain/bin/../lib/gcc/avr/5.4.0/../../../../avr/lib/avr51\libm.a(addsf3x.o) (__fp_pscB)
c:/program files (x86)/atmel/studio/7.0/toolchain/avr8/avr8-gnu-toolchain/bin/../lib/gcc/avr/5.4.0/../../../../avr/lib/avr51\libm.a(fp_round.o)
                              c:/program files (x86)/atmel/studio/7.0/toolchain/avr8/avr8-gnu-toolchain/bin/../lib/gcc/avr/5.4.0/../../../../avr/lib/avr51\libm.a(addsf3.o) (__fp_round)
c:/program files (x86)/atmel/studio/7.0/toolchain/avr8/avr8-gnu-toolchain/bin/../lib/gcc/avr/5.4.0/../../../../avr/lib/avr51\libm.a(fp_split3.o)
                              c:/program files (x86)/atmel/studio/7.0/toolchain/avr8/avr8-gnu-toolchain/bin/../lib/gcc/avr/5.4.0/../../../../avr/lib/avr51\libm.a(addsf3x.o) (__fp_split3)
c:/program files (x86)/atmel/studio/7.0/toolchain/avr8/avr8-gnu-toolchain/bin/../lib/gcc/avr/5.4.0/../../../../avr/lib/avr51\libm.a(fp_zero.o)
                              c:/program files (x86)/atmel/studio/7.0/toolchain/avr8/avr8-gnu-toolchain/bin/../lib/gcc/avr/5.4.0/../../../../avr/lib/avr51\libm.a(addsf3x.o) (__fp_zero)
c:/program files (x86)/atmel/studio/7.0/toolchain/avr8/avr8-gnu-toolchain/bin/../lib/gcc/avr/5.4.0/../../../../avr/lib/avr51\libm.a(mulsf3.o)
                              Libraria/function.o (__mulsf3)
c:/program files (x86)/atmel/studio/7.0/toolchain/avr8/avr8-gnu-toolchain/bin/../lib/gcc/avr/5.4.0/../../../../avr/lib/avr51\libm.a(mulsf3x.o)
                              c:/program files (x86)/atmel/studio/7.0/toolchain/avr8/avr8-gnu-toolchain/bin/../lib/gcc/avr/5.4.0/../../../../avr/lib/avr51\libm.a(mulsf3.o) (__mulsf3x)
c:/program files (x86)/atmel/studio/7.0/toolchain/avr8/avr8-gnu-toolchain/bin/../lib/gcc/avr/5.4.0/../../../../avr/lib/avr51\libm.a(pow.o)
                              Libraria/function.o (pow)
[...]
Memory Configuration

Name             Origin             Length             Attributes
text             0x00000000         0x00020000         xr
data             0x00800100         0x0000ff00         rw !x
eeprom           0x00810000         0x00010000         rw !x
fuse             0x00820000         0x00000003         rw !x
lock             0x00830000         0x00000400         rw !x
signature        0x00840000         0x00000400         rw !x
user_signatures  0x00850000         0x00000400         rw !x
*default*        0x00000000         0xffffffff

Linker script and memory map

Address of section .data set to 0x800100
LOAD C:/Program Files (x86)/Atmel/Studio/7.0/Packs/atmel/ATmega_DFP/1.3.300/gcc/dev/atmega128/avr51/crtatmega128.o
LOAD Libraria/74hc595.o
LOAD Libraria/atmega128analog.o
LOAD Libraria/atmega128i2c.o
LOAD Libraria/atmega128timer.o
LOAD Libraria/atmega128uart.o
LOAD Libraria/clock.o
LOAD Libraria/eeprom.o
LOAD Libraria/function.o
LOAD Libraria/keypad.o
LOAD Libraria/lcd.o
LOAD Libraria/lfsm.o
LOAD Libraria/mm74c923.o
LOAD Libraria/pcf8563rtc.o
LOAD Libraria/rotenc.o
LOAD main.o
START GROUP
LOAD c:/program files (x86)/atmel/studio/7.0/toolchain/avr8/avr8-gnu-toolchain/bin/../lib/gcc/avr/5.4.0/../../../../avr/lib/avr51\libm.a
END GROUP
START GROUP
LOAD c:/program files (x86)/atmel/studio/7.0/toolchain/avr8/avr8-gnu-toolchain/bin/../lib/gcc/avr/5.4.0/avr51\libgcc.a
LOAD c:/program files (x86)/atmel/studio/7.0/toolchain/avr8/avr8-gnu-toolchain/bin/../lib/gcc/avr/5.4.0/../../../../avr/lib/avr51\libm.a
LOAD c:/program files (x86)/atmel/studio/7.0/toolchain/avr8/avr8-gnu-toolchain/bin/../lib/gcc/avr/5.4.0/../../../../avr/lib/avr51\libc.a
LOAD C:/Program Files (x86)/Atmel/Studio/7.0/Packs/atmel/ATmega_DFP/1.3.300/gcc/dev/atmega128/avr51\libatmega128.a
END GROUP
                0x00000000                __TEXT_REGION_ORIGIN__ = DEFINED (__TEXT_REGION_ORIGIN__)?__TEXT_REGION_ORIGIN__:0x0
                0x00800100                __DATA_REGION_ORIGIN__ = DEFINED (__DATA_REGION_ORIGIN__)?__DATA_REGION_ORIGIN__:0x800100
                0x00020000                __TEXT_REGION_LENGTH__ = DEFINED (__TEXT_REGION_LENGTH__)?__TEXT_REGION_LENGTH__:0x20000
                0x0000ff00                __DATA_REGION_LENGTH__ = DEFINED (__DATA_REGION_LENGTH__)?__DATA_REGION_LENGTH__:0xff00
                0x00010000                __EEPROM_REGION_LENGTH__ = DEFINED (__EEPROM_REGION_LENGTH__)?__EEPROM_REGION_LENGTH__:0x10000
                [0x00000003]                __FUSE_REGION_LENGTH__ = DEFINED (__FUSE_REGION_LENGTH__)?__FUSE_REGION_LENGTH__:0x400
                0x00000400                __LOCK_REGION_LENGTH__ = DEFINED (__LOCK_REGION_LENGTH__)?__LOCK_REGION_LENGTH__:0x400
                0x00000400                __SIGNATURE_REGION_LENGTH__ = DEFINED (__SIGNATURE_REGION_LENGTH__)?__SIGNATURE_REGION_LENGTH__:0x400
                0x00000400                __USER_SIGNATURE_REGION_LENGTH__ = DEFINED (__USER_SIGNATURE_REGION_LENGTH__)?__USER_SIGNATURE_REGION_LENGTH__:0x400

.hash
 *(.hash)

.dynsym
 *(.dynsym)

.dynstr
 *(.dynstr)

.gnu.version
 *(.gnu.version)

.gnu.version_d
 *(.gnu.version_d)

.gnu.version_r
 *(.gnu.version_r)

.rel.init
 *(.rel.init)

.rela.init
 *(.rela.init)

.rel.text
 *(.rel.text)
 *(.rel.text.*)
 *(.rel.gnu.linkonce.t*)

.rela.text
 *(.rela.text)
 *(.rela.text.*)
 *(.rela.gnu.linkonce.t*)

.rel.fini
 *(.rel.fini)

.rela.fini
 *(.rela.fini)

.rel.rodata
 *(.rel.rodata)
 *(.rel.rodata.*)
 *(.rel.gnu.linkonce.r*)

.rela.rodata
 *(.rela.rodata)
 *(.rela.rodata.*)
 *(.rela.gnu.linkonce.r*)

.rel.data
 *(.rel.data)
 *(.rel.data.*)
 *(.rel.gnu.linkonce.d*)

.rela.data
 *(.rela.data)
 *(.rela.data.*)
 *(.rela.gnu.linkonce.d*)

.rel.ctors
 *(.rel.ctors)

.rela.ctors
 *(.rela.ctors)

.rel.dtors
 *(.rel.dtors)

.rela.dtors
 *(.rela.dtors)

.rel.got
 *(.rel.got)

.rela.got
 *(.rela.got)

.rel.bss
 *(.rel.bss)

.rela.bss
 *(.rela.bss)

.rel.plt
 *(.rel.plt)

.rela.plt
 *(.rela.plt)

.text           0x00000000     0x48b8
 *(.vectors)
 .vectors       0x00000000       0x8c C:/Program Files (x86)/Atmel/Studio/7.0/Packs/atmel/ATmega_DFP/1.3.300/gcc/dev/atmega128/avr51/crtatmega128.o
                0x00000000                __vector_default
                0x00000000                __vectors
 *(.vectors)
 *(.progmem.gcc*)
 .progmem.gcc_sw_table.TIMER_COUNTER1enable
                0x0000008c       0x36 Libraria/atmega128timer.o
 .progmem.gcc_sw_table.main
                0x000000c2        0xe main.o
 .progmem.gcc_fplib
                0x000000d0       0x28 c:/program files (x86)/atmel/studio/7.0/toolchain/avr8/avr8-gnu-toolchain/bin/../lib/gcc/avr/5.4.0/../../../../avr/lib/avr51\libm.a(exp.o)
 .progmem.gcc_fplib
                0x000000f8       0x5a c:/program files (x86)/atmel/studio/7.0/toolchain/avr8/avr8-gnu-toolchain/bin/../lib/gcc/avr/5.4.0/../../../../avr/lib/avr51\libm.a(log.o)
                0x00000152                . = ALIGN (0x2)
                0x00000152                __trampolines_start = .
 *(.trampolines)
 .trampolines   0x00000152        0x0 linker stubs
 *(.trampolines*)
                0x00000152                __trampolines_end = .
 *libprintf_flt.a:*(.progmem.data)
 *libc.a:*(.progmem.data)
 *(.progmem*)
                0x00000152                . = ALIGN (0x2)
 *(.jumptables)
 *(.jumptables*)
 *(.lowtext)
 *(.lowtext*)
                0x00000152                __ctors_start = .
 *(.ctors)
                0x00000152                __ctors_end = .
                0x00000152                __dtors_start = .
 *(.dtors)
                0x00000152                __dtors_end = .
 SORT(*)(.ctors)
 SORT(*)(.dtors)
 *(.init0)
 .init0         0x00000152        0x0 C:/Program Files (x86)/Atmel/Studio/7.0/Packs/atmel/ATmega_DFP/1.3.300/gcc/dev/atmega128/avr51/crtatmega128.o
                0x00000152                __init
 *(.init0)
 *(.init1)
 *(.init1)
 *(.init2)
 .init2         0x00000152        0xc C:/Program Files (x86)/Atmel/Studio/7.0/Packs/atmel/ATmega_DFP/1.3.300/gcc/dev/atmega128/avr51/crtatmega128.o
 *(.init2)
 *(.init3)
 *(.init3)
 *(.init4)
 .init4         0x0000015e       0x1a c:/program files (x86)/atmel/studio/7.0/toolchain/avr8/avr8-gnu-toolchain/bin/../lib/gcc/avr/5.4.0/avr51\libgcc.a(_copy_data.o)
                0x0000015e                __do_copy_data
 .init4         0x00000178       0x10 c:/program files (x86)/atmel/studio/7.0/toolchain/avr8/avr8-gnu-toolchain/bin/../lib/gcc/avr/5.4.0/avr51\libgcc.a(_clear_bss.o)
                0x00000178                __do_clear_bss
 *(.init4)
 *(.init5)
 *(.init5)
 *(.init6)
 *(.init6)
 *(.init7)
 *(.init7)
 *(.init8)
 *(.init8)
 *(.init9)
 .init9         0x00000188        0x8 C:/Program Files (x86)/Atmel/Studio/7.0/Packs/atmel/ATmega_DFP/1.3.300/gcc/dev/atmega128/avr51/crtatmega128.o
 *(.init9)
 *(.text)
 .text          0x00000190        0x2 C:/Program Files (x86)/Atmel/Studio/7.0/Packs/atmel/ATmega_DFP/1.3.300/gcc/dev/atmega128/avr51/crtatmega128.o
                0x00000190                __vector_22
                0x00000190                __vector_1
                0x00000190                __vector_32
                0x00000190                __vector_34
                0x00000190                __bad_interrupt
                0x00000190                __vector_6
                0x00000190                __vector_3
                0x00000190                __vector_23
                0x00000190                __vector_17
                0x00000190                __vector_7
                0x00000190                __vector_5
                0x00000190                __vector_33
                0x00000190                __vector_4
                0x00000190                __vector_9
                0x00000190                __vector_2
                0x00000190                __vector_8
                0x00000190                __vector_20
                0x00000192                . = ALIGN (0x2)
 *(.text.*)
 .text.HC595_shift_bit
                0x00000192       0x8a Libraria/74hc595.o
                0x00000192                HC595_shift_bit
 .text.HC595_shift_out
                0x0000021c       0x42 Libraria/74hc595.o
                0x0000021c                HC595_shift_out
 .text.HC595_shift_byte
                0x0000025e       0x3c Libraria/74hc595.o
                0x0000025e                HC595_shift_byte
 .text.HC595enable
                0x0000029a       0xb2 Libraria/74hc595.o
                0x0000029a                HC595enable
 .text.ANALOG_read
                0x0000034c       0x14 Libraria/atmega128analog.o
                0x0000034c                ANALOG_read
 .text.ANALOGenable
                0x00000360      0x12c Libraria/atmega128analog.o
                0x00000360                ANALOGenable
 .text.__vector_21
                0x0000048c      0x11c Libraria/atmega128analog.o
                0x0000048c                __vector_21
 .text.I2C_Start
                0x000005a8       0x32 Libraria/atmega128i2c.o
                0x000005a8                I2C_Start
 .text.I2C_Write
                0x000005da       0x36 Libraria/atmega128i2c.o
                0x000005da                I2C_Write
 .text.I2C_Read
                0x00000610       0x3e Libraria/atmega128i2c.o
                0x00000610                I2C_Read
 .text.I2C_Status
                0x0000064e        0x8 Libraria/atmega128i2c.o
                0x0000064e                I2C_Status
 .text.I2C_Stop
                0x00000656       0x14 Libraria/atmega128i2c.o
                0x00000656                I2C_Stop
 .text.I2C_Init
                0x0000066a       0x80 Libraria/atmega128i2c.o
                0x0000066a                I2C_Init
 .text.I2Cenable
                0x000006ea       0x48 Libraria/atmega128i2c.o
                0x000006ea                I2Cenable
 .text.TIMER_COUNTER0_start
                0x00000732       0x8a Libraria/atmega128timer.o
                0x00000732                TIMER_COUNTER0_start
 .text.TIMER_COUNTER0_compoutmode
                0x000007bc       0x2a Libraria/atmega128timer.o
                0x000007bc                TIMER_COUNTER0_compoutmode
 .text.TIMER_COUNTER0_compare
                0x000007e6        0x4 Libraria/atmega128timer.o
                0x000007e6                TIMER_COUNTER0_compare
 .text.TIMER_COUNTER0_stop
                0x000007ea        0xe Libraria/atmega128timer.o
                0x000007ea                TIMER_COUNTER0_stop
 .text.TIMER_COUNTER1_start
                0x000007f8       0x8e Libraria/atmega128timer.o
                0x000007f8                TIMER_COUNTER1_start
 .text.TIMER_COUNTER1_compoutmodeA
                0x00000886       0x2a Libraria/atmega128timer.o
                0x00000886                TIMER_COUNTER1_compoutmodeA
 .text.TIMER_COUNTER1_compoutmodeB
                0x000008b0       0x2a Libraria/atmega128timer.o
                0x000008b0                TIMER_COUNTER1_compoutmodeB
 .text.TIMER_COUNTER1_compoutmodeC
                0x000008da       0x2a Libraria/atmega128timer.o
                0x000008da                TIMER_COUNTER1_compoutmodeC
 .text.TIMER_COUNTER1_compareA
                0x00000904        0x6 Libraria/atmega128timer.o
                0x00000904                TIMER_COUNTER1_compareA
 .text.TIMER_COUNTER1_compareB
                0x0000090a        0x6 Libraria/atmega128timer.o
                0x0000090a                TIMER_COUNTER1_compareB
 .text.TIMER_COUNTER1_compareC
                0x00000910        0xa Libraria/atmega128timer.o
                0x00000910                TIMER_COUNTER1_compareC
 .text.TIMER_COUNTER1_stop
                0x0000091a       0x10 Libraria/atmega128timer.o
                0x0000091a                TIMER_COUNTER1_stop
 .text.TIMER_COUNTER0enable
                0x0000092a       0x84 Libraria/atmega128timer.o
                0x0000092a                TIMER_COUNTER0enable
 .text.TIMER_COUNTER1enable
                0x000009ae      0x1ec Libraria/atmega128timer.o
                0x000009ae                TIMER_COUNTER1enable
 .text.__vector_16
                0x00000b9a       0x14 Libraria/atmega128timer.o
                0x00000b9a                __vector_16
 .text.__vector_11
                0x00000bae       0x14 Libraria/atmega128timer.o
                0x00000bae                __vector_11
 .text.__vector_12
                0x00000bc2       0x14 Libraria/atmega128timer.o
                0x00000bc2                __vector_12
 .text.__vector_13
                0x00000bd6       0x14 Libraria/atmega128timer.o
                0x00000bd6                __vector_13
 .text.__vector_24
                0x00000bea       0x14 Libraria/atmega128timer.o
                0x00000bea                __vector_24
 .text.__vector_14
                0x00000bfe       0x14 Libraria/atmega128timer.o
                0x00000bfe                __vector_14
 .text.__vector_10
                0x00000c12       0x14 Libraria/atmega128timer.o
                0x00000c12                __vector_10
 .text.__vector_25
                0x00000c26       0x14 Libraria/atmega128timer.o
                0x00000c26                __vector_25
 .text.__vector_26
                0x00000c3a       0x14 Libraria/atmega128timer.o
                0x00000c3a                __vector_26
 .text.__vector_27
                0x00000c4e       0x14 Libraria/atmega128timer.o
                0x00000c4e                __vector_27
 .text.__vector_28
                0x00000c62       0x14 Libraria/atmega128timer.o
                0x00000c62                __vector_28
 .text.__vector_29
                0x00000c76       0x14 Libraria/atmega128timer.o
                0x00000c76                __vector_29
 .text.uart1_getc
                0x00000c8a       0x22 Libraria/atmega128uart.o
                0x00000c8a                uart1_getc
 .text.uart1_Rxavailable
                0x00000cac       0x1a Libraria/atmega128uart.o
                0x00000cac                uart1_Rxavailable
 .text.uart1_Rxflush
                0x00000cc6       0x14 Libraria/atmega128uart.o
                0x00000cc6                uart1_Rxflush
 .text.uart1_Txflush
                0x00000cda        0xa Libraria/atmega128uart.o
                0x00000cda                uart1_Txflush
 .text.uart1_putc
                0x00000ce4       0x46 Libraria/atmega128uart.o
                0x00000ce4                uart1_putc
 .text.uart1_puts
                0x00000d2a       0x1c Libraria/atmega128uart.o
                0x00000d2a                uart1_puts
 .text.__vector_18
                0x00000d46       0x6c Libraria/atmega128uart.o
                0x00000d46                __vector_18
 .text.__vector_19
                0x00000db2       0x52 Libraria/atmega128uart.o
                0x00000db2                __vector_19
 .text.UART1enable
                0x00000e04      0x1e0 Libraria/atmega128uart.o
                0x00000e04                UART1enable
 .text.UART1_Rx_pop
                0x00000fe4       0x22 Libraria/atmega128uart.o
                0x00000fe4                UART1_Rx_pop
 .text.uart1_read
                0x00001006       0x58 Libraria/atmega128uart.o
                0x00001006                uart1_read
 .text.__vector_30
                0x0000105e       0x72 Libraria/atmega128uart.o
                0x0000105e                __vector_30
 .text.__vector_31
                0x000010d0       0x5c Libraria/atmega128uart.o
                0x000010d0                __vector_31
 .text.FUNCpinmatch
                0x0000112c       0x14 Libraria/function.o
                0x0000112c                FUNCpinmatch
 .text.FUNChmerge
                0x00001140        0x4 Libraria/function.o
                0x00001140                FUNChmerge
 .text.FUNClmerge
                0x00001144        0x4 Libraria/function.o
                0x00001144                FUNClmerge
 .text.FUNChh   0x00001148        0x4 Libraria/function.o
                0x00001148                FUNChh
 .text.FUNCll   0x0000114c        0x6 Libraria/function.o
                0x0000114c                FUNCll
 .text.FUNClh   0x00001152        0x6 Libraria/function.o
                0x00001152                FUNClh
 .text.FUNChl   0x00001158        0x6 Libraria/function.o
                0x00001158                FUNChl
 .text.FUNCdiff
                0x0000115e        0x4 Libraria/function.o
                0x0000115e                FUNCdiff
 .text.FUNCswap
                0x00001162       0x42 Libraria/function.o
                0x00001162                FUNCswap
 .text.FUNCcopy
                0x000011a4       0x1c Libraria/function.o
                0x000011a4                FUNCcopy
 .text.FUNCsqueeze
                0x000011c0       0x44 Libraria/function.o
                0x000011c0                FUNCsqueeze
 .text.FUNCshellsort
                0x00001204      0x14c Libraria/function.o
                0x00001204                FUNCshellsort
 .text.FUNCpmax
                0x00001350        0xa Libraria/function.o
                0x00001350                FUNCpmax
 .text.FUNCgcd  0x0000135a       0x1e Libraria/function.o
                0x0000135a                FUNCgcd
 .text.FUNCstrToInt
                0x00001378       0x48 Libraria/function.o
                0x00001378                FUNCstrToInt
 .text.FUNCfilter
                0x000013c0        0x4 Libraria/function.o
                0x000013c0                FUNCfilter
 .text.FUNCticks
                0x000013c4       0x14 Libraria/function.o
                0x000013c4                FUNCticks
 .text.FUNCtwocomptoint8bit
                0x000013d8       0x1a Libraria/function.o
                0x000013d8                FUNCtwocomptoint8bit
 .text.FUNCtwocomptoint10bit
                0x000013f2       0x18 Libraria/function.o
                0x000013f2                FUNCtwocomptoint10bit
 .text.FUNCtwocomptointnbit
                0x0000140a       0x30 Libraria/function.o
                0x0000140a                FUNCtwocomptointnbit
 .text.FUNCdec2bcd
                0x0000143a       0x26 Libraria/function.o
                0x0000143a                FUNCdec2bcd
 .text.FUNCbcd2dec
                0x00001460       0x16 Libraria/function.o
                0x00001460                FUNCbcd2dec
 .text.FUNCresizestr
                0x00001476       0x5a Libraria/function.o
                0x00001476                FUNCresizestr
 .text.FUNCtrimmer
                0x000014d0       0x82 Libraria/function.o
                0x000014d0                FUNCtrimmer
 .text.Pwr      0x00001552       0x36 Libraria/function.o
                0x00001552                Pwr
 .text.StringLength
                0x00001588       0x1e Libraria/function.o
                0x00001588                StringLength
 .text.FUNCtrim
                0x000015a6       0x36 Libraria/function.o
                0x000015a6                FUNCtrim
 .text.Reverse  0x000015dc       0x3a Libraria/function.o
                0x000015dc                Reverse
 .text.FUNCi32toa
                0x00001616       0xb6 Libraria/function.o
                0x00001616                FUNCi32toa
 .text.FUNCi16toa
                0x000016cc       0x72 Libraria/function.o
                0x000016cc                FUNCi16toa
 .text.FUNCui16toa
                0x0000173e       0x7c Libraria/function.o
                0x0000173e                FUNCui16toa
 .text.FUNCbcd2bin
                0x000017ba       0x16 Libraria/function.o
                0x000017ba                FUNCbcd2bin
 .text.FUNCbin2bcd
                0x000017d0       0x42 Libraria/function.o
                0x000017d0                FUNCbin2bcd
 .text.FUNCgcd1
                0x00001812       0xa0 Libraria/function.o
                0x00001812                FUNCgcd1
 .text.FUNCpincheck
                0x000018b2       0x10 Libraria/function.o
                0x000018b2                FUNCpincheck
 .text.FUNCprint_binary
                0x000018c2       0x2c Libraria/function.o
                0x000018c2                FUNCprint_binary
 .text.FUNCmayia
                0x000018ee       0x46 Libraria/function.o
                0x000018ee                FUNCmayia
 .text.FUNCenable
                0x00001934      0x15a Libraria/function.o
                0x00001934                FUNCenable
 .text.FUNCintinvstr
                0x00001a8e       0xb4 Libraria/function.o
                0x00001a8e                FUNCintinvstr
 .text.FUNCftoa
                0x00001b42      0x12e Libraria/function.o
                0x00001b42                FUNCftoa
 .text.KEYPAD_get
                0x00001c70       0x40 Libraria/keypad.o
                0x00001c70                KEYPAD_get
 .text.KEYPAD_flush
                0x00001cb0       0x1a Libraria/keypad.o
                0x00001cb0                KEYPAD_flush
 .text.KEYPAD_getkey
                0x00001cca      0x25a Libraria/keypad.o
                0x00001cca                KEYPAD_getkey
 .text.KEYPAD_read
                0x00001f24       0xb2 Libraria/keypad.o
                0x00001f24                KEYPAD_read
 .text.KEYPADenable
                0x00001fd6       0xb6 Libraria/keypad.o
                0x00001fd6                KEYPADenable
 .text.LCD0_write
                0x0000208c      0x188 Libraria/lcd.o
                0x0000208c                LCD0_write
 .text.LCD0_read
                0x00002214       0xf6 Libraria/lcd.o
                0x00002214                LCD0_read
 .text.LCD0_BF  0x0000230a       0x24 Libraria/lcd.o
                0x0000230a                LCD0_BF
 .text.LCD0_putch
                0x0000232e        0xa Libraria/lcd.o
                0x0000232e                LCD0_putch
 .text.LCD0_getch
                0x00002338       0x12 Libraria/lcd.o
                0x00002338                LCD0_getch
 .text.LCD0_string
                0x0000234a       0x22 Libraria/lcd.o
                0x0000234a                LCD0_string
 .text.LCD0_string_size
                0x0000236c       0x5e Libraria/lcd.o
                0x0000236c                LCD0_string_size
 .text.LCD0_hspace
                0x000023ca       0x1a Libraria/lcd.o
                0x000023ca                LCD0_hspace
 .text.LCD0_gotoxy
                0x000023e4       0x4e Libraria/lcd.o
                0x000023e4                LCD0_gotoxy
 .text.LCD0_clear
                0x00002432       0x16 Libraria/lcd.o
                0x00002432                LCD0_clear
 .text.LCD0_inic
                0x00002448       0x8c Libraria/lcd.o
                0x00002448                LCD0_inic
 .text.LCD0enable
                0x000024d4       0xae Libraria/lcd.o
                0x000024d4                LCD0enable
 .text.LCD0_reboot
                0x00002582       0x30 Libraria/lcd.o
                0x00002582                LCD0_reboot
 .text.PCF8563RTC_SetTime
                0x000025b2       0x54 Libraria/pcf8563rtc.o
                0x000025b2                PCF8563RTC_SetTime
 .text.PCF8563RTC_SetHour
                0x00002606       0x38 Libraria/pcf8563rtc.o
                0x00002606                PCF8563RTC_SetHour
 .text.PCF8563RTC_SetMinute
                0x0000263e       0x38 Libraria/pcf8563rtc.o
                0x0000263e                PCF8563RTC_SetMinute
 .text.PCF8563RTC_SetSecond
                0x00002676       0x38 Libraria/pcf8563rtc.o
                0x00002676                PCF8563RTC_SetSecond
 .text.PCF8563RTC_SetClkOut
                0x000026ae       0x44 Libraria/pcf8563rtc.o
                0x000026ae                PCF8563RTC_SetClkOut
 .text.PCF8563RTC_SetDate
                0x000026f2       0x62 Libraria/pcf8563rtc.o
                0x000026f2                PCF8563RTC_SetDate
 .text.PCF8563RTC_SetYear
                0x00002754       0x38 Libraria/pcf8563rtc.o
                0x00002754                PCF8563RTC_SetYear
 .text.PCF8563RTC_SetMonth
                0x0000278c       0x38 Libraria/pcf8563rtc.o
                0x0000278c                PCF8563RTC_SetMonth
 .text.PCF8563RTC_SetWeekday
                0x000027c4       0x38 Libraria/pcf8563rtc.o
                0x000027c4                PCF8563RTC_SetWeekday
 .text.PCF8563RTC_SetDay
                0x000027fc       0x38 Libraria/pcf8563rtc.o
                0x000027fc                PCF8563RTC_SetDay
 .text.PCF8563RTC_GetTime
                0x00002834       0x74 Libraria/pcf8563rtc.o
                0x00002834                PCF8563RTC_GetTime
 .text.PCF8563RTC_GetDate
                0x000028a8       0x84 Libraria/pcf8563rtc.o
                0x000028a8                PCF8563RTC_GetDate
 .text.PCF8563RTC_bcd2dec
                0x0000292c       0x16 Libraria/pcf8563rtc.o
                0x0000292c                PCF8563RTC_bcd2dec
 .text.PCF8563RTC_bintobcd
                0x00002942       0x26 Libraria/pcf8563rtc.o
                0x00002942                PCF8563RTC_bintobcd
 .text.PCF8563RTC_Init
                0x00002968       0x32 Libraria/pcf8563rtc.o
                0x00002968                PCF8563RTC_Init
 .text.PCF8563RTCenable
                0x0000299a       0xce Libraria/pcf8563rtc.o
                0x0000299a                PCF8563RTCenable
 .text.PORTINIT
                0x00002a68       0x12 main.o
                0x00002a68                PORTINIT
 .text.main     0x00002a7a     0x151a main.o
                0x00002a7a                main
 .text.__vector_15
                0x00003f94       0xbe main.o
                0x00003f94                __vector_15
 .text.avr-libc.fplib
                0x00004052        0xa c:/program files (x86)/atmel/studio/7.0/toolchain/avr8/avr8-gnu-toolchain/bin/../lib/gcc/avr/5.4.0/../../../../avr/lib/avr51\libm.a(addsf3.o)
                0x00004052                __subsf3
                0x00004054                __addsf3
 .text.avr-libc.fplib
                0x0000405c       0xc0 c:/program files (x86)/atmel/studio/7.0/toolchain/avr8/avr8-gnu-toolchain/bin/../lib/gcc/avr/5.4.0/../../../../avr/lib/avr51\libm.a(addsf3x.o)
                0x00004076                __addsf3x
 .text.avr-libc.fplib
                0x0000411c        0x8 c:/program files (x86)/atmel/studio/7.0/toolchain/avr8/avr8-gnu-toolchain/bin/../lib/gcc/avr/5.4.0/../../../../avr/lib/avr51\libm.a(cmpsf2.o)
                0x0000411c                __nesf2
                0x0000411c                __eqsf2
                0x0000411c                __cmpsf2
                0x0000411c                __ltsf2
                0x0000411c                __lesf2
 .text.avr-libc.fplib
                0x00004124        0xa c:/program files (x86)/atmel/studio/7.0/toolchain/avr8/avr8-gnu-toolchain/bin/../lib/gcc/avr/5.4.0/../../../../avr/lib/avr51\libm.a(fixsfsi.o)
                0x00004124                __fixsfsi
 .text.avr-libc.fplib
                0x0000412e       0x58 c:/program files (x86)/atmel/studio/7.0/toolchain/avr8/avr8-gnu-toolchain/bin/../lib/gcc/avr/5.4.0/../../../../avr/lib/avr51\libm.a(fixunssfsi.o)
                0x0000412e                __fixunssfsi
 .text.avr-libc.fplib
                0x00004186       0x7a c:/program files (x86)/atmel/studio/7.0/toolchain/avr8/avr8-gnu-toolchain/bin/../lib/gcc/avr/5.4.0/../../../../avr/lib/avr51\libm.a(floatsisf.o)
                0x00004186                __floatunsisf
                0x0000418a                __floatsisf
 .text.avr-libc.fplib
                0x00004200       0x48 c:/program files (x86)/atmel/studio/7.0/toolchain/avr8/avr8-gnu-toolchain/bin/../lib/gcc/avr/5.4.0/../../../../avr/lib/avr51\libm.a(fp_cmp.o)
                0x00004200                __fp_cmp
 .text.avr-libc.fplib
                0x00004248        0xc c:/program files (x86)/atmel/studio/7.0/toolchain/avr8/avr8-gnu-toolchain/bin/../lib/gcc/avr/5.4.0/../../../../avr/lib/avr51\libm.a(fp_inf.o)
                0x00004248                __fp_inf
 .text.avr-libc.fplib
                0x00004254        0x6 c:/program files (x86)/atmel/studio/7.0/toolchain/avr8/avr8-gnu-toolchain/bin/../lib/gcc/avr/5.4.0/../../../../avr/lib/avr51\libm.a(fp_nan.o)
                0x00004254                __fp_nan
 .text.avr-libc.fplib
                0x0000425a        0xe c:/program files (x86)/atmel/studio/7.0/toolchain/avr8/avr8-gnu-toolchain/bin/../lib/gcc/avr/5.4.0/../../../../avr/lib/avr51\libm.a(fp_pscA.o)
                0x0000425a                __fp_pscA
 .text.avr-libc.fplib
                0x00004268        0xe c:/program files (x86)/atmel/studio/7.0/toolchain/avr8/avr8-gnu-toolchain/bin/../lib/gcc/avr/5.4.0/../../../../avr/lib/avr51\libm.a(fp_pscB.o)
                0x00004268                __fp_pscB
 .text.avr-libc.fplib
                0x00004276       0x22 c:/program files (x86)/atmel/studio/7.0/toolchain/avr8/avr8-gnu-toolchain/bin/../lib/gcc/avr/5.4.0/../../../../avr/lib/avr51\libm.a(fp_round.o)
                0x00004276                __fp_round
 .text.avr-libc.fplib
                0x00004298       0x44 c:/program files (x86)/atmel/studio/7.0/toolchain/avr8/avr8-gnu-toolchain/bin/../lib/gcc/avr/5.4.0/../../../../avr/lib/avr51\libm.a(fp_split3.o)
                0x00004298                __fp_split3
                0x000042a8                __fp_splitA
 .text.avr-libc.fplib
                0x000042dc        0xe c:/program files (x86)/atmel/studio/7.0/toolchain/avr8/avr8-gnu-toolchain/bin/../lib/gcc/avr/5.4.0/../../../../avr/lib/avr51\libm.a(fp_zero.o)
                0x000042dc                __fp_zero
                0x000042de                __fp_szero
 .text.avr-libc.fplib
                0x000042ea        0x4 c:/program files (x86)/atmel/studio/7.0/toolchain/avr8/avr8-gnu-toolchain/bin/../lib/gcc/avr/5.4.0/../../../../avr/lib/avr51\libm.a(mulsf3.o)
                0x000042ea                __mulsf3
 .text.avr-libc.fplib
                0x000042ee       0xc2 c:/program files (x86)/atmel/studio/7.0/toolchain/avr8/avr8-gnu-toolchain/bin/../lib/gcc/avr/5.4.0/../../../../avr/lib/avr51\libm.a(mulsf3x.o)
                0x00004302                __mulsf3x
                0x00004306                __mulsf3_pse
 .text.avr-libc.fplib
                0x000043b0       0x98 c:/program files (x86)/atmel/studio/7.0/toolchain/avr8/avr8-gnu-toolchain/bin/../lib/gcc/avr/5.4.0/../../../../avr/lib/avr51\libm.a(pow.o)
                0x000043b0                pow
 .text.avr-libc.fplib
                0x00004448       0x62 c:/program files (x86)/atmel/studio/7.0/toolchain/avr8/avr8-gnu-toolchain/bin/../lib/gcc/avr/5.4.0/../../../../avr/lib/avr51\libm.a(exp.o)
                0x00004452                exp
 .text.avr-libc.fplib
                0x000044aa       0x4a c:/program files (x86)/atmel/studio/7.0/toolchain/avr8/avr8-gnu-toolchain/bin/../lib/gcc/avr/5.4.0/../../../../avr/lib/avr51\libm.a(fp_powser.o)
                0x000044aa                __fp_powser
 .text.avr-libc.fplib
                0x000044f4        0xe c:/program files (x86)/atmel/studio/7.0/toolchain/avr8/avr8-gnu-toolchain/bin/../lib/gcc/avr/5.4.0/../../../../avr/lib/avr51\libm.a(inverse.o)
                0x000044f4                inverse
 .text.avr-libc.fplib
                0x00004502       0x6c c:/program files (x86)/atmel/studio/7.0/toolchain/avr8/avr8-gnu-toolchain/bin/../lib/gcc/avr/5.4.0/../../../../avr/lib/avr51\libm.a(ldexp.o)
                0x00004506                ldexp
 .text.avr-libc.fplib
                0x0000456e       0x8a c:/program files (x86)/atmel/studio/7.0/toolchain/avr8/avr8-gnu-toolchain/bin/../lib/gcc/avr/5.4.0/../../../../avr/lib/avr51\libm.a(log.o)
                0x00004578                log
 .text.avr-libc.fplib
                0x000045f8       0x66 c:/program files (x86)/atmel/studio/7.0/toolchain/avr8/avr8-gnu-toolchain/bin/../lib/gcc/avr/5.4.0/../../../../avr/lib/avr51\libm.a(modf.o)
                0x000045f8                modf
                0x000045f8                modff
 .text.avr-libc.fplib
                0x0000465e        0x4 c:/program files (x86)/atmel/studio/7.0/toolchain/avr8/avr8-gnu-toolchain/bin/../lib/gcc/avr/5.4.0/../../../../avr/lib/avr51\libm.a(divsf3.o)
                0x0000465e                __divsf3
 .text.avr-libc.fplib
                0x00004662       0xcc c:/program files (x86)/atmel/studio/7.0/toolchain/avr8/avr8-gnu-toolchain/bin/../lib/gcc/avr/5.4.0/../../../../avr/lib/avr51\libm.a(divsf3x.o)
                0x00004678                __divsf3x
                0x0000467c                __divsf3_pse
 .text.avr-libc.fplib
                0x0000472e       0x1c c:/program files (x86)/atmel/studio/7.0/toolchain/avr8/avr8-gnu-toolchain/bin/../lib/gcc/avr/5.4.0/../../../../avr/lib/avr51\libm.a(fp_mpack.o)
                0x0000472e                __fp_mpack
                0x00004732                __fp_mpack_finite
 .text.libgcc.mul
                0x0000474a       0x1e c:/program files (x86)/atmel/studio/7.0/toolchain/avr8/avr8-gnu-toolchain/bin/../lib/gcc/avr/5.4.0/avr51\libgcc.a(_mulsi3.o)
                0x0000474a                __mulsi3
 .text.libgcc.div
                0x00004768       0x28 c:/program files (x86)/atmel/studio/7.0/toolchain/avr8/avr8-gnu-toolchain/bin/../lib/gcc/avr/5.4.0/avr51\libgcc.a(_udivmodhi4.o)
                0x00004768                __udivmodhi4
 .text.libgcc.div
                0x00004790       0x26 c:/program files (x86)/atmel/studio/7.0/toolchain/avr8/avr8-gnu-toolchain/bin/../lib/gcc/avr/5.4.0/avr51\libgcc.a(_divmodhi4.o)
                0x00004790                _div
                0x00004790                __divmodhi4
 .text.libgcc.div
                0x000047b6       0x44 c:/program files (x86)/atmel/studio/7.0/toolchain/avr8/avr8-gnu-toolchain/bin/../lib/gcc/avr/5.4.0/avr51\libgcc.a(_udivmodsi4.o)
                0x000047b6                __udivmodsi4
 .text.libgcc.div
                0x000047fa       0x28 c:/program files (x86)/atmel/studio/7.0/toolchain/avr8/avr8-gnu-toolchain/bin/../lib/gcc/avr/5.4.0/avr51\libgcc.a(_divmodsi4.o)
                0x000047fa                __divmodsi4
 .text.libgcc.div
                0x00004822       0x10 c:/program files (x86)/atmel/studio/7.0/toolchain/avr8/avr8-gnu-toolchain/bin/../lib/gcc/avr/5.4.0/avr51\libgcc.a(_negsi2.o)
                0x00004822                __negsi2
 .text.libgcc   0x00004832       0x12 c:/program files (x86)/atmel/studio/7.0/toolchain/avr8/avr8-gnu-toolchain/bin/../lib/gcc/avr/5.4.0/avr51\libgcc.a(_tablejump2.o)
                0x00004832                __tablejump2__
 .text.libgcc.mul
                0x00004844       0x1e c:/program files (x86)/atmel/studio/7.0/toolchain/avr8/avr8-gnu-toolchain/bin/../lib/gcc/avr/5.4.0/avr51\libgcc.a(_umulhisi3.o)
                0x00004844                __umulhisi3
 .text.libgcc.mul
                0x00004862       0x14 c:/program files (x86)/atmel/studio/7.0/toolchain/avr8/avr8-gnu-toolchain/bin/../lib/gcc/avr/5.4.0/avr51\libgcc.a(_muluhisi3.o)
                0x00004862                __muluhisi3
 .text.avr-libc
                0x00004876       0x12 c:/program files (x86)/atmel/studio/7.0/toolchain/avr8/avr8-gnu-toolchain/bin/../lib/gcc/avr/5.4.0/../../../../avr/lib/avr51\libc.a(strcmp.o)
                0x00004876                strcmp
 .text.avr-libc
                0x00004888        0xe c:/program files (x86)/atmel/studio/7.0/toolchain/avr8/avr8-gnu-toolchain/bin/../lib/gcc/avr/5.4.0/../../../../avr/lib/avr51\libc.a(strcpy.o)
                0x00004888                strcpy
 .text.avr-libc
                0x00004896       0x1e c:/program files (x86)/atmel/studio/7.0/toolchain/avr8/avr8-gnu-toolchain/bin/../lib/gcc/avr/5.4.0/../../../../avr/lib/avr51\libc.a(strncpy.o)
                0x00004896                strncpy
                0x000048b4                . = ALIGN (0x2)
 *(.fini9)
 .fini9         0x000048b4        0x0 c:/program files (x86)/atmel/studio/7.0/toolchain/avr8/avr8-gnu-toolchain/bin/../lib/gcc/avr/5.4.0/avr51\libgcc.a(_exit.o)
                0x000048b4                _exit
                0x000048b4                exit
 *(.fini9)
 *(.fini8)
 *(.fini8)
 *(.fini7)
 *(.fini7)
 *(.fini6)
 *(.fini6)
 *(.fini5)
 *(.fini5)
 *(.fini4)
 *(.fini4)
 *(.fini3)
 *(.fini3)
 *(.fini2)
 *(.fini2)
 *(.fini1)
 *(.fini1)
 *(.fini0)
 .fini0         0x000048b4        0x4 c:/program files (x86)/atmel/studio/7.0/toolchain/avr8/avr8-gnu-toolchain/bin/../lib/gcc/avr/5.4.0/avr51\libgcc.a(_exit.o)
 *(.fini0)
                0x000048b8                _etext = .

.data           0x00800100      0x11a load address 0x000048b8
                0x00800100                PROVIDE (__data_start, .)
 *(.data)
 *(.data*)
 .data.keypadvalue
                0x00800100       0x10 Libraria/keypad.o
                0x00800100                keypadvalue
 *(.gnu.linkonce.d*)
 *(.rodata)
 .rodata        0x00800110        0x2 Libraria/atmega128uart.o
 .rodata        0x00800112        0x2 Libraria/keypad.o
 *(.rodata*)
 .rodata.str1.1
                0x00800114      0x106 main.o
                                0x10c (size before relaxing)
 *(.gnu.linkonce.r*)
                0x0080021a                . = ALIGN (0x2)
                0x0080021a                _edata = .
                0x0080021a                PROVIDE (__data_end, .)

.bss            0x0080021a      0x2cf
                0x0080021a                PROVIDE (__bss_start, .)
 *(.bss)
 *(.bss*)
 .bss.adc_n_sample
                0x0080021a        0x1 Libraria/atmega128analog.o
 .bss.adc_tmp   0x0080021b        0x2 Libraria/atmega128analog.o
 .bss.adc_sample
                0x0080021d        0x2 Libraria/atmega128analog.o
 .bss.ADC_SELECTOR
                0x0080021f        0x2 Libraria/atmega128analog.o
 .bss.ADC_N_CHANNEL
                0x00800221        0x2 Libraria/atmega128analog.o
 .bss.ADC_CHANNEL_GAIN
                0x00800223       0x10 Libraria/atmega128analog.o
 .bss.ADC_VALUE
                0x00800233       0x10 Libraria/atmega128analog.o
 .bss.uartreceive
                0x00800243        0x2 main.o
                0x00800243                uartreceive
 .bss.ptr       0x00800245        0x2 main.o
                0x00800245                ptr
 .bss.increment
                0x00800247        0x1 main.o
                0x00800247                increment
 .bss.count     0x00800248        0x1 main.o
                0x00800248                count
 *(COMMON)
 COMMON         0x00800249        0x7 Libraria/74hc595.o
                0x00800249                hc595_DDR
                0x0080024b                hc595_PORT
                0x0080024d                HC595_datapin
                0x0080024e                HC595_outpin
                0x0080024f                HC595_clkpin
 COMMON         0x00800250        0x2 Libraria/atmega128i2c.o
                0x00800250                ticks
 COMMON         0x00800252        0x4 Libraria/atmega128timer.o
                0x00800252                timer1_state
                0x00800253                timer3_state
                0x00800254                timer2_state
                0x00800255                timer0_state
 COMMON         0x00800256      0x18d Libraria/atmega128uart.o
                0x00800256                uart_msg
                0x00800296                UART_TxHead
                0x00800297                UART_LastRxError
                0x00800298                UART1_TxTail
                0x00800299                UART1_RxBuf
                0x008002d9                uart1_index
                0x008002db                UART_TxTail
                0x008002dc                UART1_RxHead
                0x008002dd                UART1_LastRxError
                0x008002de                UART1_TxHead
                0x008002df                uart1_msg
                0x0080031f                uart_index
                0x00800320                UART1_TxBuf
                0x00800360                UART_TxBuf
                0x008003a0                UART_RxHead
                0x008003a1                UART_RxTail
                0x008003a2                UART1_RxTail
                0x008003a3                UART_RxBuf
 COMMON         0x008003e3       0x21 Libraria/function.o
                0x008003e3                FUNCstr
 COMMON         0x00800404       0x25 Libraria/keypad.o
                0x00800404                keypad_PORT
                0x00800406                KEYPAD_char
                0x00800407                keypad_dataf
                0x0080040b                keypad_datai
                0x0080040f                KEYPADSTRINGINDEX
                0x00800410                keypad_PIN
                0x00800412                keypad_DDR
                0x00800414                KEYPAD_string
 COMMON         0x00800429        0xe Libraria/lcd.o
                0x00800429                lcd0_PIN
                0x0080042b                lcd1_DDR
                0x0080042d                lcd1_detect
                0x0080042e                lcd1_PIN
                0x00800430                lcd0_DDR
                0x00800432                lcd0_detect
                0x00800433                lcd0_PORT
                0x00800435                lcd1_PORT
 COMMON         0x00800437       0x21 Libraria/lfsm.o
                0x00800437                tmp2
                0x00800442                data
                0x0080044d                tmp1
 COMMON         0x00800458        0xa Libraria/pcf8563rtc.o
                0x00800458                i2c
 COMMON         0x00800462       0x87 main.o
                0x00800462                shift
                0x00800468                function
                0x008004b4                tm
                0x008004b7                rtc
                0x008004d3                dt
                0x008004d7                uart
                0x008004e9                PROVIDE (__bss_end, .)
                0x000048b8                __data_load_start = LOADADDR (.data)
                0x000049d2                __data_load_end = (__data_load_start + SIZEOF (.data))

.noinit         0x008004e9        0x0
                [!provide]                PROVIDE (__noinit_start, .)
 *(.noinit*)
                [!provide]                PROVIDE (__noinit_end, .)
                0x008004e9                _end = .
                [!provide]                PROVIDE (__heap_start, .)

.eeprom         0x00810000        0x0
 *(.eeprom*)
                0x00810000                __eeprom_end = .

.fuse
 *(.fuse)
 *(.lfuse)
 *(.hfuse)
 *(.efuse)

.lock
 *(.lock*)

.signature
 *(.signature*)

.user_signatures
 *(.user_signatures*)

.stab
 *(.stab)

.stabstr
 *(.stabstr)

.stab.excl
 *(.stab.excl)

.stab.exclstr
 *(.stab.exclstr)

.stab.index
 *(.stab.index)

.stab.indexstr
 *(.stab.indexstr)

.comment        0x00000000       0x30
 *(.comment)
 .comment       0x00000000       0x30 Libraria/74hc595.o
                                 0x31 (size before relaxing)
 .comment       0x00000030       0x31 Libraria/atmega128analog.o
 .comment       0x00000030       0x31 Libraria/atmega128i2c.o
 .comment       0x00000030       0x31 Libraria/atmega128timer.o
 .comment       0x00000030       0x31 Libraria/atmega128uart.o
 .comment       0x00000030       0x31 Libraria/function.o
 .comment       0x00000030       0x31 Libraria/keypad.o
 .comment       0x00000030       0x31 Libraria/lcd.o
 .comment       0x00000030       0x31 Libraria/lfsm.o
 .comment       0x00000030       0x31 Libraria/pcf8563rtc.o
 .comment       0x00000030       0x31 main.o

.note.gnu.avr.deviceinfo
                0x00000000       0x3c
 .note.gnu.avr.deviceinfo
                0x00000000       0x3c C:/Program Files (x86)/Atmel/Studio/7.0/Packs/atmel/ATmega_DFP/1.3.300/gcc/dev/atmega128/avr51/crtatmega128.o

.note.gnu.build-id
 *(.note.gnu.build-id)

.debug
 *(.debug)

.line
 *(.line)

.debug_srcinfo
 *(.debug_srcinfo)

.debug_sfnames
 *(.debug_sfnames)

.debug_aranges  0x00000000      0x6e0
 *(.debug_aranges)
 .debug_aranges
                0x00000000       0x38 Libraria/74hc595.o
 .debug_aranges
                0x00000038       0x30 Libraria/atmega128analog.o
 .debug_aranges
                0x00000068       0x50 Libraria/atmega128i2c.o
 .debug_aranges
                0x000000b8      0x158 Libraria/atmega128timer.o
 .debug_aranges
                0x00000210       0xc8 Libraria/atmega128uart.o
 .debug_aranges
                0x000002d8      0x168 Libraria/function.o
 .debug_aranges
                0x00000440       0x50 Libraria/keypad.o
 .debug_aranges
                0x00000490      0x100 Libraria/lcd.o
 .debug_aranges
                0x00000590       0x88 Libraria/lfsm.o
 .debug_aranges
                0x00000618       0x98 Libraria/pcf8563rtc.o
 .debug_aranges
                0x000006b0       0x30 main.o

.debug_pubnames
 *(.debug_pubnames)

.debug_info     0x00000000     0x86ec
 *(.debug_info .gnu.linkonce.wi.*)
 .debug_info    0x00000000      0x780 C:/Program Files (x86)/Atmel/Studio/7.0/Packs/atmel/ATmega_DFP/1.3.300/gcc/dev/atmega128/avr51/crtatmega128.o
 .debug_info    0x00000780      0x23b Libraria/74hc595.o
 .debug_info    0x000009bb      0x26e Libraria/atmega128analog.o
 .debug_info    0x00000c29      0x2d9 Libraria/atmega128i2c.o
 .debug_info    0x00000f02      0x924 Libraria/atmega128timer.o
 .debug_info    0x00001826      0x8cc Libraria/atmega128uart.o
 .debug_info    0x000020f2     0x13fc Libraria/function.o
 .debug_info    0x000034ee      0x4ea Libraria/keypad.o
 .debug_info    0x000039d8     0x11bc Libraria/lcd.o
 .debug_info    0x00004b94      0xfaf Libraria/lfsm.o
 .debug_info    0x00005b43      0x92f Libraria/pcf8563rtc.o
 .debug_info    0x00006472     0x227a main.o

.debug_abbrev   0x00000000     0x1e8f
 *(.debug_abbrev)
 .debug_abbrev  0x00000000      0x718 C:/Program Files (x86)/Atmel/Studio/7.0/Packs/atmel/ATmega_DFP/1.3.300/gcc/dev/atmega128/avr51/crtatmega128.o
 .debug_abbrev  0x00000718      0x15a Libraria/74hc595.o
 .debug_abbrev  0x00000872      0x136 Libraria/atmega128analog.o
 .debug_abbrev  0x000009a8      0x1e1 Libraria/atmega128i2c.o
 .debug_abbrev  0x00000b89      0x189 Libraria/atmega128timer.o
 .debug_abbrev  0x00000d12      0x309 Libraria/atmega128uart.o
 .debug_abbrev  0x0000101b      0x322 Libraria/function.o
 .debug_abbrev  0x0000133d      0x1f2 Libraria/keypad.o
 .debug_abbrev  0x0000152f      0x2ed Libraria/lcd.o
 .debug_abbrev  0x0000181c      0x2bb Libraria/lfsm.o
 .debug_abbrev  0x00001ad7      0x1b6 Libraria/pcf8563rtc.o
 .debug_abbrev  0x00001c8d      0x202 main.o

.debug_line     0x00000000     0x47a8
 *(.debug_line .debug_line.* .debug_line_end)
 .debug_line    0x00000000      0x169 C:/Program Files (x86)/Atmel/Studio/7.0/Packs/atmel/ATmega_DFP/1.3.300/gcc/dev/atmega128/avr51/crtatmega128.o
 .debug_line    0x00000169      0x184 Libraria/74hc595.o
 .debug_line    0x000002ed      0x312 Libraria/atmega128analog.o
 .debug_line    0x000005ff      0x273 Libraria/atmega128i2c.o
 .debug_line    0x00000872      0xb86 Libraria/atmega128timer.o
 .debug_line    0x000013f8      0x888 Libraria/atmega128uart.o
 .debug_line    0x00001c80      0x8f4 Libraria/function.o
 .debug_line    0x00002574      0x3fa Libraria/keypad.o
 .debug_line    0x0000296e      0xbef Libraria/lcd.o
 .debug_line    0x0000355d      0x70b Libraria/lfsm.o
 .debug_line    0x00003c68      0x45d Libraria/pcf8563rtc.o
 .debug_line    0x000040c5      0x6e3 main.o

.debug_frame    0x00000000     0x148c
 *(.debug_frame)
 .debug_frame   0x00000000       0x88 Libraria/74hc595.o
 .debug_frame   0x00000088       0x90 Libraria/atmega128analog.o
 .debug_frame   0x00000118       0x94 Libraria/atmega128i2c.o
 .debug_frame   0x000001ac      0x344 Libraria/atmega128timer.o
 .debug_frame   0x000004f0      0x248 Libraria/atmega128uart.o
 .debug_frame   0x00000738      0x4a0 Libraria/function.o
 .debug_frame   0x00000bd8       0xc0 Libraria/keypad.o
 .debug_frame   0x00000c98      0x294 Libraria/lcd.o
 .debug_frame   0x00000f2c      0x278 Libraria/lfsm.o
 .debug_frame   0x000011a4      0x238 Libraria/pcf8563rtc.o
 .debug_frame   0x000013dc       0xb0 main.o

.debug_str      0x00000000     0x171f
 *(.debug_str)
 .debug_str     0x00000000      0x27d C:/Program Files (x86)/Atmel/Studio/7.0/Packs/atmel/ATmega_DFP/1.3.300/gcc/dev/atmega128/avr51/crtatmega128.o
 .debug_str     0x0000027d      0x1f8 Libraria/74hc595.o
                                0x247 (size before relaxing)
 .debug_str     0x00000475      0x11a Libraria/atmega128analog.o
                                0x2b2 (size before relaxing)
 .debug_str     0x0000058f       0xdd Libraria/atmega128i2c.o
                                0x286 (size before relaxing)
 .debug_str     0x0000066c      0x40b Libraria/atmega128timer.o
                                0x5ff (size before relaxing)
 .debug_str     0x00000a77      0x25a Libraria/atmega128uart.o
                                0x47b (size before relaxing)
 .debug_str     0x00000cd1      0x2b2 Libraria/function.o
                                0x596 (size before relaxing)
 .debug_str     0x00000f83      0x13a Libraria/keypad.o
                                0x2f1 (size before relaxing)
 .debug_str     0x000010bd      0x1dd Libraria/lcd.o
                                0x417 (size before relaxing)
 .debug_str     0x0000129a      0x1e3 Libraria/lfsm.o
                                0x402 (size before relaxing)
 .debug_str     0x0000147d      0x201 Libraria/pcf8563rtc.o
                                0x443 (size before relaxing)
 .debug_str     0x0000167e       0xa1 main.o
                                0x697 (size before relaxing)

.debug_loc      0x00000000     0x6f52
 *(.debug_loc)
 .debug_loc     0x00000000      0x228 Libraria/74hc595.o
 .debug_loc     0x00000228      0x32d Libraria/atmega128analog.o
 .debug_loc     0x00000555      0x12e Libraria/atmega128i2c.o
 .debug_loc     0x00000683      0x924 Libraria/atmega128timer.o
 .debug_loc     0x00000fa7      0xd8b Libraria/atmega128uart.o
 .debug_loc     0x00001d32     0x1b02 Libraria/function.o
 .debug_loc     0x00003834      0x444 Libraria/keypad.o
 .debug_loc     0x00003c78     0x1128 Libraria/lcd.o
 .debug_loc     0x00004da0     0x1355 Libraria/lfsm.o
 .debug_loc     0x000060f5      0x851 Libraria/pcf8563rtc.o
 .debug_loc     0x00006946      0x60c main.o

.debug_macinfo
 *(.debug_macinfo)

.debug_weaknames
 *(.debug_weaknames)

.debug_funcnames
 *(.debug_funcnames)

.debug_typenames
 *(.debug_typenames)

.debug_varnames
 *(.debug_varnames)

.debug_pubtypes
 *(.debug_pubtypes)

.debug_ranges   0x00000000      0x630
 *(.debug_ranges)
 .debug_ranges  0x00000000       0x28 Libraria/74hc595.o
 .debug_ranges  0x00000028       0x20 Libraria/atmega128analog.o
 .debug_ranges  0x00000048       0x40 Libraria/atmega128i2c.o
 .debug_ranges  0x00000088      0x148 Libraria/atmega128timer.o
 .debug_ranges  0x000001d0       0xb8 Libraria/atmega128uart.o
 .debug_ranges  0x00000288      0x158 Libraria/function.o
 .debug_ranges  0x000003e0       0x40 Libraria/keypad.o
 .debug_ranges  0x00000420       0xf0 Libraria/lcd.o
 .debug_ranges  0x00000510       0x78 Libraria/lfsm.o
 .debug_ranges  0x00000588       0x88 Libraria/pcf8563rtc.o
 .debug_ranges  0x00000610       0x20 main.o

.debug_macro
 *(.debug_macro)
OUTPUT(Atmega128.elf elf32-avr)
LOAD linker stubs
