Archive member included to satisfy reference by file (symbol)

c:/program files (x86)/atmel/studio/7.0/toolchain/avr8/avr8-gnu-toolchain/bin/../lib/gcc/avr/5.4.0/avr51\libgcc.a(_mulsi3.o)
                              Libraria/function.o (__mulsi3)
c:/program files (x86)/atmel/studio/7.0/toolchain/avr8/avr8-gnu-toolchain/bin/../lib/gcc/avr/5.4.0/avr51\libgcc.a(_udivmodhi4.o)
                              Libraria/clock.o (__udivmodhi4)
c:/program files (x86)/atmel/studio/7.0/toolchain/avr8/avr8-gnu-toolchain/bin/../lib/gcc/avr/5.4.0/avr51\libgcc.a(_divmodhi4.o)
                              Libraria/atmega128uart.o (__divmodhi4)
c:/program files (x86)/atmel/studio/7.0/toolchain/avr8/avr8-gnu-toolchain/bin/../lib/gcc/avr/5.4.0/avr51\libgcc.a(_udivmodsi4.o)
                              Libraria/i2c.o (__udivmodsi4)
c:/program files (x86)/atmel/studio/7.0/toolchain/avr8/avr8-gnu-toolchain/bin/../lib/gcc/avr/5.4.0/avr51\libgcc.a(_divmodsi4.o)
                              Libraria/function.o (__divmodsi4)
c:/program files (x86)/atmel/studio/7.0/toolchain/avr8/avr8-gnu-toolchain/bin/../lib/gcc/avr/5.4.0/avr51\libgcc.a(_negsi2.o)
                              c:/program files (x86)/atmel/studio/7.0/toolchain/avr8/avr8-gnu-toolchain/bin/../lib/gcc/avr/5.4.0/avr51\libgcc.a(_divmodsi4.o) (__negsi2)
c:/program files (x86)/atmel/studio/7.0/toolchain/avr8/avr8-gnu-toolchain/bin/../lib/gcc/avr/5.4.0/avr51\libgcc.a(_exit.o)
                              C:/Program Files (x86)/Atmel/Studio/7.0/Packs/atmel/ATmega_DFP/1.3.300/gcc/dev/atmega128/avr51/crtatmega128.o (exit)
c:/program files (x86)/atmel/studio/7.0/toolchain/avr8/avr8-gnu-toolchain/bin/../lib/gcc/avr/5.4.0/avr51\libgcc.a(_tablejump2.o)
                              Libraria/atmega128timer.o (__tablejump2__)
c:/program files (x86)/atmel/studio/7.0/toolchain/avr8/avr8-gnu-toolchain/bin/../lib/gcc/avr/5.4.0/avr51\libgcc.a(_copy_data.o)
                              Libraria/atmega128uart.o (__do_copy_data)
c:/program files (x86)/atmel/studio/7.0/toolchain/avr8/avr8-gnu-toolchain/bin/../lib/gcc/avr/5.4.0/avr51\libgcc.a(_clear_bss.o)
                              Libraria/74hc595.o (__do_clear_bss)
c:/program files (x86)/atmel/studio/7.0/toolchain/avr8/avr8-gnu-toolchain/bin/../lib/gcc/avr/5.4.0/avr51\libgcc.a(_umulhisi3.o)
                              Libraria/clock.o (__umulhisi3)
c:/program files (x86)/atmel/studio/7.0/toolchain/avr8/avr8-gnu-toolchain/bin/../lib/gcc/avr/5.4.0/avr51\libgcc.a(_muluhisi3.o)
                              c:/program files (x86)/atmel/studio/7.0/toolchain/avr8/avr8-gnu-toolchain/bin/../lib/gcc/avr/5.4.0/avr51\libgcc.a(_mulsi3.o) (__muluhisi3)
c:/program files (x86)/atmel/studio/7.0/toolchain/avr8/avr8-gnu-toolchain/bin/../lib/gcc/avr/5.4.0/../../../../avr/lib/avr51\libc.a(strcmp.o)
                              main.o (strcmp)
c:/program files (x86)/atmel/studio/7.0/toolchain/avr8/avr8-gnu-toolchain/bin/../lib/gcc/avr/5.4.0/../../../../avr/lib/avr51\libc.a(strcpy.o)
                              main.o (strcpy)
c:/program files (x86)/atmel/studio/7.0/toolchain/avr8/avr8-gnu-toolchain/bin/../lib/gcc/avr/5.4.0/../../../../avr/lib/avr51\libc.a(strncpy.o)
                              main.o (strncpy)
C:/Program Files (x86)/Atmel/Studio/7.0/Packs/atmel/ATmega_DFP/1.3.300/gcc/dev/atmega128/avr51\libatmega128.a(eerd_block.o)
                              Libraria/eeprom.o (eeprom_read_block)
C:/Program Files (x86)/Atmel/Studio/7.0/Packs/atmel/ATmega_DFP/1.3.300/gcc/dev/atmega128/avr51\libatmega128.a(eerd_byte.o)
                              Libraria/eeprom.o (eeprom_read_byte)
C:/Program Files (x86)/Atmel/Studio/7.0/Packs/atmel/ATmega_DFP/1.3.300/gcc/dev/atmega128/avr51\libatmega128.a(eerd_word.o)
                              Libraria/eeprom.o (eeprom_read_word)
C:/Program Files (x86)/Atmel/Studio/7.0/Packs/atmel/ATmega_DFP/1.3.300/gcc/dev/atmega128/avr51\libatmega128.a(eeupd_block.o)
                              Libraria/eeprom.o (eeprom_update_block)
C:/Program Files (x86)/Atmel/Studio/7.0/Packs/atmel/ATmega_DFP/1.3.300/gcc/dev/atmega128/avr51\libatmega128.a(eeupd_byte.o)
                              Libraria/eeprom.o (eeprom_update_byte)
C:/Program Files (x86)/Atmel/Studio/7.0/Packs/atmel/ATmega_DFP/1.3.300/gcc/dev/atmega128/avr51\libatmega128.a(eeupd_dword.o)
                              Libraria/eeprom.o (eeprom_update_float)
C:/Program Files (x86)/Atmel/Studio/7.0/Packs/atmel/ATmega_DFP/1.3.300/gcc/dev/atmega128/avr51\libatmega128.a(eeupd_word.o)
                              Libraria/eeprom.o (eeprom_update_word)
C:/Program Files (x86)/Atmel/Studio/7.0/Packs/atmel/ATmega_DFP/1.3.300/gcc/dev/atmega128/avr51\libatmega128.a(eewr_block.o)
                              Libraria/eeprom.o (eeprom_write_block)
C:/Program Files (x86)/Atmel/Studio/7.0/Packs/atmel/ATmega_DFP/1.3.300/gcc/dev/atmega128/avr51\libatmega128.a(eewr_byte.o)
                              Libraria/eeprom.o (eeprom_write_byte)
[...]
Memory Configuration

Name             Origin             Length             Attributes
text             0x00000000         0x00020000         xr
data             0x00800100         0x0000ff00         rw !x
eeprom           0x00810000         0x00010000         rw !x
fuse             0x00820000         0x00000003         rw !x
lock             0x00830000         0x00000400         rw !x
signature        0x00840000         0x00000400         rw !x
user_signatures  0x00850000         0x00000400         rw !x
*default*        0x00000000         0xffffffff

Linker script and memory map

Address of section .data set to 0x800100
LOAD C:/Program Files (x86)/Atmel/Studio/7.0/Packs/atmel/ATmega_DFP/1.3.300/gcc/dev/atmega128/avr51/crtatmega128.o
LOAD Libraria/74hc595.o
LOAD Libraria/atmega128analog.o
LOAD Libraria/atmega128timer.o
LOAD Libraria/atmega128uart.o
LOAD Libraria/clock.o
LOAD Libraria/eeprom.o
LOAD Libraria/function.o
LOAD Libraria/i2c.o
LOAD Libraria/keypad.o
LOAD Libraria/lcd.o
LOAD Libraria/lfsm.o
LOAD Libraria/mm74c923.o
LOAD Libraria/pcf8563rtc.o
LOAD Libraria/rotenc.o
LOAD main.o
START GROUP
LOAD c:/program files (x86)/atmel/studio/7.0/toolchain/avr8/avr8-gnu-toolchain/bin/../lib/gcc/avr/5.4.0/../../../../avr/lib/avr51\libm.a
END GROUP
START GROUP
LOAD c:/program files (x86)/atmel/studio/7.0/toolchain/avr8/avr8-gnu-toolchain/bin/../lib/gcc/avr/5.4.0/avr51\libgcc.a
LOAD c:/program files (x86)/atmel/studio/7.0/toolchain/avr8/avr8-gnu-toolchain/bin/../lib/gcc/avr/5.4.0/../../../../avr/lib/avr51\libm.a
LOAD c:/program files (x86)/atmel/studio/7.0/toolchain/avr8/avr8-gnu-toolchain/bin/../lib/gcc/avr/5.4.0/../../../../avr/lib/avr51\libc.a
LOAD C:/Program Files (x86)/Atmel/Studio/7.0/Packs/atmel/ATmega_DFP/1.3.300/gcc/dev/atmega128/avr51\libatmega128.a
END GROUP
                0x00000000                __TEXT_REGION_ORIGIN__ = DEFINED (__TEXT_REGION_ORIGIN__)?__TEXT_REGION_ORIGIN__:0x0
                0x00800100                __DATA_REGION_ORIGIN__ = DEFINED (__DATA_REGION_ORIGIN__)?__DATA_REGION_ORIGIN__:0x800100
                0x00020000                __TEXT_REGION_LENGTH__ = DEFINED (__TEXT_REGION_LENGTH__)?__TEXT_REGION_LENGTH__:0x20000
                0x0000ff00                __DATA_REGION_LENGTH__ = DEFINED (__DATA_REGION_LENGTH__)?__DATA_REGION_LENGTH__:0xff00
                0x00010000                __EEPROM_REGION_LENGTH__ = DEFINED (__EEPROM_REGION_LENGTH__)?__EEPROM_REGION_LENGTH__:0x10000
                [0x00000003]                __FUSE_REGION_LENGTH__ = DEFINED (__FUSE_REGION_LENGTH__)?__FUSE_REGION_LENGTH__:0x400
                0x00000400                __LOCK_REGION_LENGTH__ = DEFINED (__LOCK_REGION_LENGTH__)?__LOCK_REGION_LENGTH__:0x400
                0x00000400                __SIGNATURE_REGION_LENGTH__ = DEFINED (__SIGNATURE_REGION_LENGTH__)?__SIGNATURE_REGION_LENGTH__:0x400
                0x00000400                __USER_SIGNATURE_REGION_LENGTH__ = DEFINED (__USER_SIGNATURE_REGION_LENGTH__)?__USER_SIGNATURE_REGION_LENGTH__:0x400

.hash
 *(.hash)

.dynsym
 *(.dynsym)

.dynstr
 *(.dynstr)

.gnu.version
 *(.gnu.version)

.gnu.version_d
 *(.gnu.version_d)

.gnu.version_r
 *(.gnu.version_r)

.rel.init
 *(.rel.init)

.rela.init
 *(.rela.init)

.rel.text
 *(.rel.text)
 *(.rel.text.*)
 *(.rel.gnu.linkonce.t*)

.rela.text
 *(.rela.text)
 *(.rela.text.*)
 *(.rela.gnu.linkonce.t*)

.rel.fini
 *(.rel.fini)

.rela.fini
 *(.rela.fini)

.rel.rodata
 *(.rel.rodata)
 *(.rel.rodata.*)
 *(.rel.gnu.linkonce.r*)

.rela.rodata
 *(.rela.rodata)
 *(.rela.rodata.*)
 *(.rela.gnu.linkonce.r*)

.rel.data
 *(.rel.data)
 *(.rel.data.*)
 *(.rel.gnu.linkonce.d*)

.rela.data
 *(.rela.data)
 *(.rela.data.*)
 *(.rela.gnu.linkonce.d*)

.rel.ctors
 *(.rel.ctors)

.rela.ctors
 *(.rela.ctors)

.rel.dtors
 *(.rel.dtors)

.rela.dtors
 *(.rela.dtors)

.rel.got
 *(.rel.got)

.rela.got
 *(.rela.got)

.rel.bss
 *(.rel.bss)

.rela.bss
 *(.rela.bss)

.rel.plt
 *(.rel.plt)

.rela.plt
 *(.rela.plt)

.text           0x00000000     0x3cac
 *(.vectors)
 .vectors       0x00000000       0x8c C:/Program Files (x86)/Atmel/Studio/7.0/Packs/atmel/ATmega_DFP/1.3.300/gcc/dev/atmega128/avr51/crtatmega128.o
                0x00000000                __vector_default
                0x00000000                __vectors
 *(.vectors)
 *(.progmem.gcc*)
 .progmem.gcc_sw_table.TIMER_COUNTER1enable
                0x0000008c       0x36 Libraria/atmega128timer.o
 .progmem.gcc_sw_table.main
                0x000000c2        0xe main.o
                0x000000d0                . = ALIGN (0x2)
                0x000000d0                __trampolines_start = .
 *(.trampolines)
 .trampolines   0x000000d0        0x0 linker stubs
 *(.trampolines*)
                0x000000d0                __trampolines_end = .
 *libprintf_flt.a:*(.progmem.data)
 *libc.a:*(.progmem.data)
 *(.progmem*)
                0x000000d0                . = ALIGN (0x2)
 *(.jumptables)
 *(.jumptables*)
 *(.lowtext)
 *(.lowtext*)
                0x000000d0                __ctors_start = .
 *(.ctors)
                0x000000d0                __ctors_end = .
                0x000000d0                __dtors_start = .
 *(.dtors)
                0x000000d0                __dtors_end = .
 SORT(*)(.ctors)
 SORT(*)(.dtors)
 *(.init0)
 .init0         0x000000d0        0x0 C:/Program Files (x86)/Atmel/Studio/7.0/Packs/atmel/ATmega_DFP/1.3.300/gcc/dev/atmega128/avr51/crtatmega128.o
                0x000000d0                __init
 *(.init0)
 *(.init1)
 *(.init1)
 *(.init2)
 .init2         0x000000d0        0xc C:/Program Files (x86)/Atmel/Studio/7.0/Packs/atmel/ATmega_DFP/1.3.300/gcc/dev/atmega128/avr51/crtatmega128.o
 *(.init2)
 *(.init3)
 *(.init3)
 *(.init4)
 .init4         0x000000dc       0x1a c:/program files (x86)/atmel/studio/7.0/toolchain/avr8/avr8-gnu-toolchain/bin/../lib/gcc/avr/5.4.0/avr51\libgcc.a(_copy_data.o)
                0x000000dc                __do_copy_data
 .init4         0x000000f6       0x10 c:/program files (x86)/atmel/studio/7.0/toolchain/avr8/avr8-gnu-toolchain/bin/../lib/gcc/avr/5.4.0/avr51\libgcc.a(_clear_bss.o)
                0x000000f6                __do_clear_bss
 *(.init4)
 *(.init5)
 *(.init5)
 *(.init6)
 *(.init6)
 *(.init7)
 *(.init7)
 *(.init8)
 *(.init8)
 *(.init9)
 .init9         0x00000106        0x8 C:/Program Files (x86)/Atmel/Studio/7.0/Packs/atmel/ATmega_DFP/1.3.300/gcc/dev/atmega128/avr51/crtatmega128.o
 *(.init9)
 *(.text)
 .text          0x0000010e        0x2 C:/Program Files (x86)/Atmel/Studio/7.0/Packs/atmel/ATmega_DFP/1.3.300/gcc/dev/atmega128/avr51/crtatmega128.o
                0x0000010e                __vector_22
                0x0000010e                __vector_1
                0x0000010e                __vector_32
                0x0000010e                __vector_34
                0x0000010e                __bad_interrupt
                0x0000010e                __vector_6
                0x0000010e                __vector_3
                0x0000010e                __vector_23
                0x0000010e                __vector_17
                0x0000010e                __vector_7
                0x0000010e                __vector_5
                0x0000010e                __vector_33
                0x0000010e                __vector_4
                0x0000010e                __vector_9
                0x0000010e                __vector_2
                0x0000010e                __vector_8
                0x0000010e                __vector_20
                0x00000110                . = ALIGN (0x2)
 *(.text.*)
 .text.HC595_shift_bit
                0x00000110       0x8a Libraria/74hc595.o
                0x00000110                HC595_shift_bit
 .text.HC595_shift_out
                0x0000019a       0x42 Libraria/74hc595.o
                0x0000019a                HC595_shift_out
 .text.HC595_shift_byte
                0x000001dc       0x3c Libraria/74hc595.o
                0x000001dc                HC595_shift_byte
 .text.HC595enable
                0x00000218       0xb2 Libraria/74hc595.o
                0x00000218                HC595enable
 .text.ANALOG_read
                0x000002ca       0x14 Libraria/atmega128analog.o
                0x000002ca                ANALOG_read
 .text.ANALOGenable
                0x000002de      0x12c Libraria/atmega128analog.o
                0x000002de                ANALOGenable
 .text.__vector_21
                0x0000040a      0x11c Libraria/atmega128analog.o
                0x0000040a                __vector_21
 .text.TIMER_COUNTER0_start
                0x00000526       0x8a Libraria/atmega128timer.o
                0x00000526                TIMER_COUNTER0_start
 .text.TIMER_COUNTER0_compoutmode
                0x000005b0       0x2a Libraria/atmega128timer.o
                0x000005b0                TIMER_COUNTER0_compoutmode
 .text.TIMER_COUNTER0_compare
                0x000005da        0x4 Libraria/atmega128timer.o
                0x000005da                TIMER_COUNTER0_compare
 .text.TIMER_COUNTER0_stop
                0x000005de        0xe Libraria/atmega128timer.o
                0x000005de                TIMER_COUNTER0_stop
 .text.TIMER_COUNTER1_start
                0x000005ec       0x8e Libraria/atmega128timer.o
                0x000005ec                TIMER_COUNTER1_start
 .text.TIMER_COUNTER1_compoutmodeA
                0x0000067a       0x2a Libraria/atmega128timer.o
                0x0000067a                TIMER_COUNTER1_compoutmodeA
 .text.TIMER_COUNTER1_compoutmodeB
                0x000006a4       0x2a Libraria/atmega128timer.o
                0x000006a4                TIMER_COUNTER1_compoutmodeB
 .text.TIMER_COUNTER1_compoutmodeC
                0x000006ce       0x2a Libraria/atmega128timer.o
                0x000006ce                TIMER_COUNTER1_compoutmodeC
 .text.TIMER_COUNTER1_compareA
                0x000006f8        0x6 Libraria/atmega128timer.o
                0x000006f8                TIMER_COUNTER1_compareA
 .text.TIMER_COUNTER1_compareB
                0x000006fe        0x6 Libraria/atmega128timer.o
                0x000006fe                TIMER_COUNTER1_compareB
 .text.TIMER_COUNTER1_compareC
                0x00000704        0xa Libraria/atmega128timer.o
                0x00000704                TIMER_COUNTER1_compareC
 .text.TIMER_COUNTER1_stop
                0x0000070e       0x10 Libraria/atmega128timer.o
                0x0000070e                TIMER_COUNTER1_stop
 .text.TIMER_COUNTER0enable
                0x0000071e       0x84 Libraria/atmega128timer.o
                0x0000071e                TIMER_COUNTER0enable
 .text.TIMER_COUNTER1enable
                0x000007a2      0x1ec Libraria/atmega128timer.o
                0x000007a2                TIMER_COUNTER1enable
 .text.__vector_16
                0x0000098e       0x14 Libraria/atmega128timer.o
                0x0000098e                __vector_16
 .text.__vector_11
                0x000009a2       0x14 Libraria/atmega128timer.o
                0x000009a2                __vector_11
 .text.__vector_12
                0x000009b6       0x14 Libraria/atmega128timer.o
                0x000009b6                __vector_12
 .text.__vector_13
                0x000009ca       0x14 Libraria/atmega128timer.o
                0x000009ca                __vector_13
 .text.__vector_24
                0x000009de       0x14 Libraria/atmega128timer.o
                0x000009de                __vector_24
 .text.__vector_14
                0x000009f2       0x14 Libraria/atmega128timer.o
                0x000009f2                __vector_14
 .text.__vector_10
                0x00000a06       0x14 Libraria/atmega128timer.o
                0x00000a06                __vector_10
 .text.__vector_25
                0x00000a1a       0x14 Libraria/atmega128timer.o
                0x00000a1a                __vector_25
 .text.__vector_26
                0x00000a2e       0x14 Libraria/atmega128timer.o
                0x00000a2e                __vector_26
 .text.__vector_27
                0x00000a42       0x14 Libraria/atmega128timer.o
                0x00000a42                __vector_27
 .text.__vector_28
                0x00000a56       0x14 Libraria/atmega128timer.o
                0x00000a56                __vector_28
 .text.__vector_29
                0x00000a6a       0x14 Libraria/atmega128timer.o
                0x00000a6a                __vector_29
 .text.uart1_putc
                0x00000a7e       0x32 Libraria/atmega128uart.o
                0x00000a7e                uart1_putc
 .text.uart1_puts
                0x00000ab0       0x1c Libraria/atmega128uart.o
                0x00000ab0                uart1_puts
 .text.uart1_getc
                0x00000acc       0x22 Libraria/atmega128uart.o
                0x00000acc                uart1_getc
 .text.uart1_Rxavailable
                0x00000aee       0x1a Libraria/atmega128uart.o
                0x00000aee                uart1_Rxavailable
 .text.uart1_Rxflush
                0x00000b08       0x14 Libraria/atmega128uart.o
                0x00000b08                uart1_Rxflush
 .text.uart1_Txflush
                0x00000b1c        0xa Libraria/atmega128uart.o
                0x00000b1c                uart1_Txflush
 .text.__vector_18
                0x00000b26       0x6c Libraria/atmega128uart.o
                0x00000b26                __vector_18
 .text.__vector_19
                0x00000b92       0x52 Libraria/atmega128uart.o
                0x00000b92                __vector_19
 .text.UART1enable
                0x00000be4      0x1e0 Libraria/atmega128uart.o
                0x00000be4                UART1enable
 .text.UART1_Rx_pop
                0x00000dc4       0x22 Libraria/atmega128uart.o
                0x00000dc4                UART1_Rx_pop
 .text.uart1_read
                0x00000de6       0x58 Libraria/atmega128uart.o
                0x00000de6                uart1_read
 .text.__vector_30
                0x00000e3e       0x72 Libraria/atmega128uart.o
                0x00000e3e                __vector_30
 .text.__vector_31
                0x00000eb0       0x5c Libraria/atmega128uart.o
                0x00000eb0                __vector_31
 .text.FUNCpinmatch
                0x00000f0c       0x14 Libraria/function.o
                0x00000f0c                FUNCpinmatch
 .text.FUNChmerge
                0x00000f20        0x4 Libraria/function.o
                0x00000f20                FUNChmerge
 .text.FUNClmerge
                0x00000f24        0x4 Libraria/function.o
                0x00000f24                FUNClmerge
 .text.FUNChh   0x00000f28        0x4 Libraria/function.o
                0x00000f28                FUNChh
 .text.FUNCll   0x00000f2c        0x6 Libraria/function.o
                0x00000f2c                FUNCll
 .text.FUNClh   0x00000f32        0x6 Libraria/function.o
                0x00000f32                FUNClh
 .text.FUNChl   0x00000f38        0x6 Libraria/function.o
                0x00000f38                FUNChl
 .text.FUNCdiff
                0x00000f3e        0x4 Libraria/function.o
                0x00000f3e                FUNCdiff
 .text.FUNCswap
                0x00000f42       0x42 Libraria/function.o
                0x00000f42                FUNCswap
 .text.FUNCcopy
                0x00000f84       0x1c Libraria/function.o
                0x00000f84                FUNCcopy
 .text.FUNCsqueeze
                0x00000fa0       0x44 Libraria/function.o
                0x00000fa0                FUNCsqueeze
 .text.FUNCshellsort
                0x00000fe4      0x14c Libraria/function.o
                0x00000fe4                FUNCshellsort
 .text.FUNCpmax
                0x00001130        0xa Libraria/function.o
                0x00001130                FUNCpmax
 .text.FUNCgcd  0x0000113a       0x1e Libraria/function.o
                0x0000113a                FUNCgcd
 .text.FUNCstrToInt
                0x00001158       0x48 Libraria/function.o
                0x00001158                FUNCstrToInt
 .text.FUNCfilter
                0x000011a0        0x4 Libraria/function.o
                0x000011a0                FUNCfilter
 .text.FUNCticks
                0x000011a4       0x14 Libraria/function.o
                0x000011a4                FUNCticks
 .text.FUNCtwocomptoint8bit
                0x000011b8       0x1a Libraria/function.o
                0x000011b8                FUNCtwocomptoint8bit
 .text.FUNCtwocomptoint10bit
                0x000011d2       0x18 Libraria/function.o
                0x000011d2                FUNCtwocomptoint10bit
 .text.FUNCtwocomptointnbit
                0x000011ea       0x30 Libraria/function.o
                0x000011ea                FUNCtwocomptointnbit
 .text.FUNCdec2bcd
                0x0000121a       0x26 Libraria/function.o
                0x0000121a                FUNCdec2bcd
 .text.FUNCbcd2dec
                0x00001240       0x16 Libraria/function.o
                0x00001240                FUNCbcd2dec
 .text.FUNCresizestr
                0x00001256       0x5a Libraria/function.o
                0x00001256                FUNCresizestr
 .text.FUNCtrimmer
                0x000012b0       0x82 Libraria/function.o
                0x000012b0                FUNCtrimmer
 .text.Pwr      0x00001332       0x36 Libraria/function.o
                0x00001332                Pwr
 .text.StringLength
                0x00001368       0x1e Libraria/function.o
                0x00001368                StringLength
 .text.FUNCtrim
                0x00001386       0x36 Libraria/function.o
                0x00001386                FUNCtrim
 .text.Reverse  0x000013bc       0x3a Libraria/function.o
                0x000013bc                Reverse
 .text.FUNCi32toa
                0x000013f6       0xb6 Libraria/function.o
                0x000013f6                FUNCi32toa
 .text.FUNCi16toa
                0x000014ac       0x72 Libraria/function.o
                0x000014ac                FUNCi16toa
 .text.FUNCui16toa
                0x0000151e       0x7c Libraria/function.o
                0x0000151e                FUNCui16toa
 .text.FUNCbcd2bin
                0x0000159a       0x16 Libraria/function.o
                0x0000159a                FUNCbcd2bin
 .text.FUNCbin2bcd
                0x000015b0       0x42 Libraria/function.o
                0x000015b0                FUNCbin2bcd
 .text.FUNCgcd1
                0x000015f2       0xa0 Libraria/function.o
                0x000015f2                FUNCgcd1
 .text.FUNCpincheck
                0x00001692       0x10 Libraria/function.o
                0x00001692                FUNCpincheck
 .text.FUNCprint_binary
                0x000016a2       0x2c Libraria/function.o
                0x000016a2                FUNCprint_binary
 .text.FUNCmayia
                0x000016ce       0x46 Libraria/function.o
                0x000016ce                FUNCmayia
 .text.FUNCenable
                0x00001714      0x14e Libraria/function.o
                0x00001714                FUNCenable
 .text.I2C_Start
                0x00001862       0x32 Libraria/i2c.o
                0x00001862                I2C_Start
 .text.I2C_Write
                0x00001894       0x36 Libraria/i2c.o
                0x00001894                I2C_Write
 .text.I2C_Read
                0x000018ca       0x3e Libraria/i2c.o
                0x000018ca                I2C_Read
 .text.I2C_Status
                0x00001908        0x8 Libraria/i2c.o
                0x00001908                I2C_Status
 .text.I2C_Stop
                0x00001910       0x14 Libraria/i2c.o
                0x00001910                I2C_Stop
 .text.I2C_Init
                0x00001924       0x80 Libraria/i2c.o
                0x00001924                I2C_Init
 .text.I2Cenable
                0x000019a4       0x48 Libraria/i2c.o
                0x000019a4                I2Cenable
 .text.KEYPAD_get
                0x000019ec       0x40 Libraria/keypad.o
                0x000019ec                KEYPAD_get
 .text.KEYPAD_flush
                0x00001a2c       0x1a Libraria/keypad.o
                0x00001a2c                KEYPAD_flush
 .text.KEYPAD_getkey
                0x00001a46      0x25a Libraria/keypad.o
                0x00001a46                KEYPAD_getkey
 .text.KEYPAD_read
                0x00001ca0       0xb2 Libraria/keypad.o
                0x00001ca0                KEYPAD_read
 .text.KEYPADenable
                0x00001d52       0xb6 Libraria/keypad.o
                0x00001d52                KEYPADenable
 .text.LCD0_write
                0x00001e08      0x188 Libraria/lcd.o
                0x00001e08                LCD0_write
 .text.LCD0_read
                0x00001f90       0xf6 Libraria/lcd.o
                0x00001f90                LCD0_read
 .text.LCD0_BF  0x00002086       0x24 Libraria/lcd.o
                0x00002086                LCD0_BF
 .text.LCD0_putch
                0x000020aa        0xa Libraria/lcd.o
                0x000020aa                LCD0_putch
 .text.LCD0_getch
                0x000020b4       0x12 Libraria/lcd.o
                0x000020b4                LCD0_getch
 .text.LCD0_string
                0x000020c6       0x22 Libraria/lcd.o
                0x000020c6                LCD0_string
 .text.LCD0_string_size
                0x000020e8       0x5e Libraria/lcd.o
                0x000020e8                LCD0_string_size
 .text.LCD0_hspace
                0x00002146       0x1a Libraria/lcd.o
                0x00002146                LCD0_hspace
 .text.LCD0_gotoxy
                0x00002160       0x4e Libraria/lcd.o
                0x00002160                LCD0_gotoxy
 .text.LCD0_clear
                0x000021ae       0x16 Libraria/lcd.o
                0x000021ae                LCD0_clear
 .text.LCD0_inic
                0x000021c4       0x8c Libraria/lcd.o
                0x000021c4                LCD0_inic
 .text.LCD0enable
                0x00002250       0xae Libraria/lcd.o
                0x00002250                LCD0enable
 .text.LCD0_reboot
                0x000022fe       0x22 Libraria/lcd.o
                0x000022fe                LCD0_reboot
 .text.PCF8563RTC_SetTime
                0x00002320       0x54 Libraria/pcf8563rtc.o
                0x00002320                PCF8563RTC_SetTime
 .text.PCF8563RTC_SetHour
                0x00002374       0x38 Libraria/pcf8563rtc.o
                0x00002374                PCF8563RTC_SetHour
 .text.PCF8563RTC_SetMinute
                0x000023ac       0x38 Libraria/pcf8563rtc.o
                0x000023ac                PCF8563RTC_SetMinute
 .text.PCF8563RTC_SetSecond
                0x000023e4       0x38 Libraria/pcf8563rtc.o
                0x000023e4                PCF8563RTC_SetSecond
 .text.PCF8563RTC_SetClkOut
                0x0000241c       0x44 Libraria/pcf8563rtc.o
                0x0000241c                PCF8563RTC_SetClkOut
 .text.PCF8563RTC_SetDate
                0x00002460       0x62 Libraria/pcf8563rtc.o
                0x00002460                PCF8563RTC_SetDate
 .text.PCF8563RTC_SetYear
                0x000024c2       0x38 Libraria/pcf8563rtc.o
                0x000024c2                PCF8563RTC_SetYear
 .text.PCF8563RTC_SetMonth
                0x000024fa       0x38 Libraria/pcf8563rtc.o
                0x000024fa                PCF8563RTC_SetMonth
 .text.PCF8563RTC_SetWeekday
                0x00002532       0x38 Libraria/pcf8563rtc.o
                0x00002532                PCF8563RTC_SetWeekday
 .text.PCF8563RTC_SetDay
                0x0000256a       0x38 Libraria/pcf8563rtc.o
                0x0000256a                PCF8563RTC_SetDay
 .text.PCF8563RTC_GetTime
                0x000025a2       0x74 Libraria/pcf8563rtc.o
                0x000025a2                PCF8563RTC_GetTime
 .text.PCF8563RTC_GetDate
                0x00002616       0x84 Libraria/pcf8563rtc.o
                0x00002616                PCF8563RTC_GetDate
 .text.PCF8563RTC_bcd2dec
                0x0000269a       0x16 Libraria/pcf8563rtc.o
                0x0000269a                PCF8563RTC_bcd2dec
 .text.PCF8563RTC_bintobcd
                0x000026b0       0x26 Libraria/pcf8563rtc.o
                0x000026b0                PCF8563RTC_bintobcd
 .text.PCF8563RTC_Init
                0x000026d6       0x32 Libraria/pcf8563rtc.o
                0x000026d6                PCF8563RTC_Init
 .text.PCF8563RTCenable
                0x00002708       0xcc Libraria/pcf8563rtc.o
                0x00002708                PCF8563RTCenable
 .text.PORTINIT
                0x000027d4       0x12 main.o
                0x000027d4                PORTINIT
 .text.main     0x000027e6     0x129a main.o
                0x000027e6                main
 .text.__vector_15
                0x00003a80       0xbe main.o
                0x00003a80                __vector_15
 .text.libgcc.mul
                0x00003b3e       0x1e c:/program files (x86)/atmel/studio/7.0/toolchain/avr8/avr8-gnu-toolchain/bin/../lib/gcc/avr/5.4.0/avr51\libgcc.a(_mulsi3.o)
                0x00003b3e                __mulsi3
 .text.libgcc.div
                0x00003b5c       0x28 c:/program files (x86)/atmel/studio/7.0/toolchain/avr8/avr8-gnu-toolchain/bin/../lib/gcc/avr/5.4.0/avr51\libgcc.a(_udivmodhi4.o)
                0x00003b5c                __udivmodhi4
 .text.libgcc.div
                0x00003b84       0x26 c:/program files (x86)/atmel/studio/7.0/toolchain/avr8/avr8-gnu-toolchain/bin/../lib/gcc/avr/5.4.0/avr51\libgcc.a(_divmodhi4.o)
                0x00003b84                _div
                0x00003b84                __divmodhi4
 .text.libgcc.div
                0x00003baa       0x44 c:/program files (x86)/atmel/studio/7.0/toolchain/avr8/avr8-gnu-toolchain/bin/../lib/gcc/avr/5.4.0/avr51\libgcc.a(_udivmodsi4.o)
                0x00003baa                __udivmodsi4
 .text.libgcc.div
                0x00003bee       0x28 c:/program files (x86)/atmel/studio/7.0/toolchain/avr8/avr8-gnu-toolchain/bin/../lib/gcc/avr/5.4.0/avr51\libgcc.a(_divmodsi4.o)
                0x00003bee                __divmodsi4
 .text.libgcc.div
                0x00003c16       0x10 c:/program files (x86)/atmel/studio/7.0/toolchain/avr8/avr8-gnu-toolchain/bin/../lib/gcc/avr/5.4.0/avr51\libgcc.a(_negsi2.o)
                0x00003c16                __negsi2
 .text.libgcc   0x00003c26       0x12 c:/program files (x86)/atmel/studio/7.0/toolchain/avr8/avr8-gnu-toolchain/bin/../lib/gcc/avr/5.4.0/avr51\libgcc.a(_tablejump2.o)
                0x00003c26                __tablejump2__
 .text.libgcc.mul
                0x00003c38       0x1e c:/program files (x86)/atmel/studio/7.0/toolchain/avr8/avr8-gnu-toolchain/bin/../lib/gcc/avr/5.4.0/avr51\libgcc.a(_umulhisi3.o)
                0x00003c38                __umulhisi3
 .text.libgcc.mul
                0x00003c56       0x14 c:/program files (x86)/atmel/studio/7.0/toolchain/avr8/avr8-gnu-toolchain/bin/../lib/gcc/avr/5.4.0/avr51\libgcc.a(_muluhisi3.o)
                0x00003c56                __muluhisi3
 .text.avr-libc
                0x00003c6a       0x12 c:/program files (x86)/atmel/studio/7.0/toolchain/avr8/avr8-gnu-toolchain/bin/../lib/gcc/avr/5.4.0/../../../../avr/lib/avr51\libc.a(strcmp.o)
                0x00003c6a                strcmp
 .text.avr-libc
                0x00003c7c        0xe c:/program files (x86)/atmel/studio/7.0/toolchain/avr8/avr8-gnu-toolchain/bin/../lib/gcc/avr/5.4.0/../../../../avr/lib/avr51\libc.a(strcpy.o)
                0x00003c7c                strcpy
 .text.avr-libc
                0x00003c8a       0x1e c:/program files (x86)/atmel/studio/7.0/toolchain/avr8/avr8-gnu-toolchain/bin/../lib/gcc/avr/5.4.0/../../../../avr/lib/avr51\libc.a(strncpy.o)
                0x00003c8a                strncpy
                0x00003ca8                . = ALIGN (0x2)
 *(.fini9)
 .fini9         0x00003ca8        0x0 c:/program files (x86)/atmel/studio/7.0/toolchain/avr8/avr8-gnu-toolchain/bin/../lib/gcc/avr/5.4.0/avr51\libgcc.a(_exit.o)
                0x00003ca8                _exit
                0x00003ca8                exit
 *(.fini9)
 *(.fini8)
 *(.fini8)
 *(.fini7)
 *(.fini7)
 *(.fini6)
 *(.fini6)
 *(.fini5)
 *(.fini5)
 *(.fini4)
 *(.fini4)
 *(.fini3)
 *(.fini3)
 *(.fini2)
 *(.fini2)
 *(.fini1)
 *(.fini1)
 *(.fini0)
 .fini0         0x00003ca8        0x4 c:/program files (x86)/atmel/studio/7.0/toolchain/avr8/avr8-gnu-toolchain/bin/../lib/gcc/avr/5.4.0/avr51\libgcc.a(_exit.o)
 *(.fini0)
                0x00003cac                _etext = .

.data           0x00800100      0x118 load address 0x00003cac
                0x00800100                PROVIDE (__data_start, .)
 *(.data)
 *(.data*)
 .data.keypadvalue
                0x00800100       0x10 Libraria/keypad.o
                0x00800100                keypadvalue
 *(.gnu.linkonce.d*)
 *(.rodata)
 .rodata        0x00800110        0x2 Libraria/atmega128uart.o
 .rodata        0x00800112        0x2 Libraria/keypad.o
 *(.rodata*)
 .rodata.str1.1
                0x00800114      0x104 main.o
                                0x107 (size before relaxing)
 *(.gnu.linkonce.r*)
                0x00800218                . = ALIGN (0x2)
                0x00800218                _edata = .
                0x00800218                PROVIDE (__data_end, .)

.bss            0x00800218      0x2c1
                0x00800218                PROVIDE (__bss_start, .)
 *(.bss)
 *(.bss*)
 .bss.adc_n_sample
                0x00800218        0x1 Libraria/atmega128analog.o
 .bss.adc_tmp   0x00800219        0x2 Libraria/atmega128analog.o
 .bss.adc_sample
                0x0080021b        0x2 Libraria/atmega128analog.o
 .bss.ADC_SELECTOR
                0x0080021d        0x2 Libraria/atmega128analog.o
 .bss.ADC_N_CHANNEL
                0x0080021f        0x2 Libraria/atmega128analog.o
 .bss.ADC_CHANNEL_GAIN
                0x00800221       0x10 Libraria/atmega128analog.o
 .bss.ADC_VALUE
                0x00800231       0x10 Libraria/atmega128analog.o
 .bss.uartreceive
                0x00800241        0x2 main.o
                0x00800241                uartreceive
 .bss.ptr       0x00800243        0x2 main.o
                0x00800243                ptr
 .bss.increment
                0x00800245        0x1 main.o
                0x00800245                increment
 .bss.count     0x00800246        0x1 main.o
                0x00800246                count
 *(COMMON)
 COMMON         0x00800247        0x7 Libraria/74hc595.o
                0x00800247                hc595_DDR
                0x00800249                hc595_PORT
                0x0080024b                HC595_datapin
                0x0080024c                HC595_outpin
                0x0080024d                HC595_clkpin
 COMMON         0x0080024e        0x4 Libraria/atmega128timer.o
                0x0080024e                timer1_state
                0x0080024f                timer3_state
                0x00800250                timer2_state
                0x00800251                timer0_state
 COMMON         0x00800252      0x18d Libraria/atmega128uart.o
                0x00800252                uart_msg
                0x00800292                UART_TxHead
                0x00800293                UART_LastRxError
                0x00800294                UART1_TxTail
                0x00800295                UART1_RxBuf
                0x008002d5                uart1_index
                0x008002d7                UART_TxTail
                0x008002d8                UART1_RxHead
                0x008002d9                UART1_LastRxError
                0x008002da                UART1_TxHead
                0x008002db                uart1_msg
                0x0080031b                uart_index
                0x0080031c                UART1_TxBuf
                0x0080035c                UART_TxBuf
                0x0080039c                UART_RxHead
                0x0080039d                UART_RxTail
                0x0080039e                UART1_RxTail
                0x0080039f                UART_RxBuf
 COMMON         0x008003df       0x15 Libraria/function.o
                0x008003df                FUNCstr
 COMMON         0x008003f4        0x2 Libraria/i2c.o
                0x008003f4                ticks
 COMMON         0x008003f6       0x25 Libraria/keypad.o
                0x008003f6                keypad_PORT
                0x008003f8                KEYPAD_char
                0x008003f9                keypad_dataf
                0x008003fd                keypad_datai
                0x00800401                KEYPADSTRINGINDEX
                0x00800402                keypad_PIN
                0x00800404                keypad_DDR
                0x00800406                KEYPAD_string
 COMMON         0x0080041b        0xe Libraria/lcd.o
                0x0080041b                lcd0_PIN
                0x0080041d                lcd1_DDR
                0x0080041f                lcd1_detect
                0x00800420                lcd1_PIN
                0x00800422                lcd0_DDR
                0x00800424                lcd0_detect
                0x00800425                lcd0_PORT
                0x00800427                lcd1_PORT
 COMMON         0x00800429       0x21 Libraria/lfsm.o
                0x00800429                tmp2
                0x00800434                data
                0x0080043f                tmp1
 COMMON         0x0080044a        0xa Libraria/pcf8563rtc.o
                0x0080044a                i2c
 COMMON         0x00800454       0x85 main.o
                0x00800454                shift
                0x0080045a                function
                0x008004a4                tm
                0x008004a7                rtc
                0x008004c3                dt
                0x008004c7                uart
                0x008004d9                PROVIDE (__bss_end, .)
                0x00003cac                __data_load_start = LOADADDR (.data)
                0x00003dc4                __data_load_end = (__data_load_start + SIZEOF (.data))

.noinit         0x008004d9        0x0
                [!provide]                PROVIDE (__noinit_start, .)
 *(.noinit*)
                [!provide]                PROVIDE (__noinit_end, .)
                0x008004d9                _end = .
                [!provide]                PROVIDE (__heap_start, .)

.eeprom         0x00810000        0x0
 *(.eeprom*)
                0x00810000                __eeprom_end = .

.fuse
 *(.fuse)
 *(.lfuse)
 *(.hfuse)
 *(.efuse)

.lock
 *(.lock*)

.signature
 *(.signature*)

.user_signatures
 *(.user_signatures*)

.stab
 *(.stab)

.stabstr
 *(.stabstr)

.stab.excl
 *(.stab.excl)

.stab.exclstr
 *(.stab.exclstr)

.stab.index
 *(.stab.index)

.stab.indexstr
 *(.stab.indexstr)

.comment        0x00000000       0x30
 *(.comment)
 .comment       0x00000000       0x30 Libraria/74hc595.o
                                 0x31 (size before relaxing)
 .comment       0x00000030       0x31 Libraria/atmega128analog.o
 .comment       0x00000030       0x31 Libraria/atmega128timer.o
 .comment       0x00000030       0x31 Libraria/atmega128uart.o
 .comment       0x00000030       0x31 Libraria/function.o
 .comment       0x00000030       0x31 Libraria/i2c.o
 .comment       0x00000030       0x31 Libraria/keypad.o
 .comment       0x00000030       0x31 Libraria/lcd.o
 .comment       0x00000030       0x31 Libraria/lfsm.o
 .comment       0x00000030       0x31 Libraria/pcf8563rtc.o
 .comment       0x00000030       0x31 main.o

.note.gnu.avr.deviceinfo
                0x00000000       0x3c
 .note.gnu.avr.deviceinfo
                0x00000000       0x3c C:/Program Files (x86)/Atmel/Studio/7.0/Packs/atmel/ATmega_DFP/1.3.300/gcc/dev/atmega128/avr51/crtatmega128.o

.note.gnu.build-id
 *(.note.gnu.build-id)

.debug
 *(.debug)

.line
 *(.line)

.debug_srcinfo
 *(.debug_srcinfo)

.debug_sfnames
 *(.debug_sfnames)

.debug_aranges  0x00000000      0x6d0
 *(.debug_aranges)
 .debug_aranges
                0x00000000       0x38 Libraria/74hc595.o
 .debug_aranges
                0x00000038       0x30 Libraria/atmega128analog.o
 .debug_aranges
                0x00000068      0x158 Libraria/atmega128timer.o
 .debug_aranges
                0x000001c0       0xc8 Libraria/atmega128uart.o
 .debug_aranges
                0x00000288      0x158 Libraria/function.o
 .debug_aranges
                0x000003e0       0x50 Libraria/i2c.o
 .debug_aranges
                0x00000430       0x50 Libraria/keypad.o
 .debug_aranges
                0x00000480      0x100 Libraria/lcd.o
 .debug_aranges
                0x00000580       0x88 Libraria/lfsm.o
 .debug_aranges
                0x00000608       0x98 Libraria/pcf8563rtc.o
 .debug_aranges
                0x000006a0       0x30 main.o

.debug_pubnames
 *(.debug_pubnames)

.debug_info     0x00000000     0x8317
 *(.debug_info .gnu.linkonce.wi.*)
 .debug_info    0x00000000      0x780 C:/Program Files (x86)/Atmel/Studio/7.0/Packs/atmel/ATmega_DFP/1.3.300/gcc/dev/atmega128/avr51/crtatmega128.o
 .debug_info    0x00000780      0x23b Libraria/74hc595.o
 .debug_info    0x000009bb      0x26e Libraria/atmega128analog.o
 .debug_info    0x00000c29      0x924 Libraria/atmega128timer.o
 .debug_info    0x0000154d      0x816 Libraria/atmega128uart.o
 .debug_info    0x00001d63     0x11f7 Libraria/function.o
 .debug_info    0x00002f5a      0x2d9 Libraria/i2c.o
 .debug_info    0x00003233      0x4ea Libraria/keypad.o
 .debug_info    0x0000371d     0x119e Libraria/lcd.o
 .debug_info    0x000048bb      0xfb6 Libraria/lfsm.o
 .debug_info    0x00005871      0x92f Libraria/pcf8563rtc.o
 .debug_info    0x000061a0     0x2177 main.o

.debug_abbrev   0x00000000     0x1e03
 *(.debug_abbrev)
 .debug_abbrev  0x00000000      0x718 C:/Program Files (x86)/Atmel/Studio/7.0/Packs/atmel/ATmega_DFP/1.3.300/gcc/dev/atmega128/avr51/crtatmega128.o
 .debug_abbrev  0x00000718      0x15a Libraria/74hc595.o
 .debug_abbrev  0x00000872      0x136 Libraria/atmega128analog.o
 .debug_abbrev  0x000009a8      0x189 Libraria/atmega128timer.o
 .debug_abbrev  0x00000b31      0x298 Libraria/atmega128uart.o
 .debug_abbrev  0x00000dc9      0x2e7 Libraria/function.o
 .debug_abbrev  0x000010b0      0x1e1 Libraria/i2c.o
 .debug_abbrev  0x00001291      0x1f2 Libraria/keypad.o
 .debug_abbrev  0x00001483      0x2ed Libraria/lcd.o
 .debug_abbrev  0x00001770      0x2db Libraria/lfsm.o
 .debug_abbrev  0x00001a4b      0x1b6 Libraria/pcf8563rtc.o
 .debug_abbrev  0x00001c01      0x202 main.o

.debug_line     0x00000000     0x45d9
 *(.debug_line .debug_line.* .debug_line_end)
 .debug_line    0x00000000      0x169 C:/Program Files (x86)/Atmel/Studio/7.0/Packs/atmel/ATmega_DFP/1.3.300/gcc/dev/atmega128/avr51/crtatmega128.o
 .debug_line    0x00000169      0x185 Libraria/74hc595.o
 .debug_line    0x000002ee      0x313 Libraria/atmega128analog.o
 .debug_line    0x00000601      0xb86 Libraria/atmega128timer.o
 .debug_line    0x00001187      0x7fa Libraria/atmega128uart.o
 .debug_line    0x00001981      0x81c Libraria/function.o
 .debug_line    0x0000219d      0x261 Libraria/i2c.o
 .debug_line    0x000023fe      0x3fb Libraria/keypad.o
 .debug_line    0x000027f9      0xbc9 Libraria/lcd.o
 .debug_line    0x000033c2      0x70b Libraria/lfsm.o
 .debug_line    0x00003acd      0x454 Libraria/pcf8563rtc.o
 .debug_line    0x00003f21      0x6b8 main.o

.debug_frame    0x00000000     0x13e4
 *(.debug_frame)
 .debug_frame   0x00000000       0x88 Libraria/74hc595.o
 .debug_frame   0x00000088       0x90 Libraria/atmega128analog.o
 .debug_frame   0x00000118      0x344 Libraria/atmega128timer.o
 .debug_frame   0x0000045c      0x248 Libraria/atmega128uart.o
 .debug_frame   0x000006a4      0x400 Libraria/function.o
 .debug_frame   0x00000aa4       0x94 Libraria/i2c.o
 .debug_frame   0x00000b38       0xc0 Libraria/keypad.o
 .debug_frame   0x00000bf8      0x28c Libraria/lcd.o
 .debug_frame   0x00000e84      0x278 Libraria/lfsm.o
 .debug_frame   0x000010fc      0x238 Libraria/pcf8563rtc.o
 .debug_frame   0x00001334       0xb0 main.o

.debug_str      0x00000000     0x16d4
 *(.debug_str)
 .debug_str     0x00000000      0x27d C:/Program Files (x86)/Atmel/Studio/7.0/Packs/atmel/ATmega_DFP/1.3.300/gcc/dev/atmega128/avr51/crtatmega128.o
 .debug_str     0x0000027d      0x1f8 Libraria/74hc595.o
                                0x247 (size before relaxing)
 .debug_str     0x00000475      0x11a Libraria/atmega128analog.o
                                0x2b2 (size before relaxing)
 .debug_str     0x0000058f      0x41e Libraria/atmega128timer.o
                                0x5ff (size before relaxing)
 .debug_str     0x000009ad      0x24b Libraria/atmega128uart.o
                                0x430 (size before relaxing)
 .debug_str     0x00000bf8      0x27c Libraria/function.o
                                0x54e (size before relaxing)
 .debug_str     0x00000e74       0xc1 Libraria/i2c.o
                                0x27d (size before relaxing)
 .debug_str     0x00000f35      0x13a Libraria/keypad.o
                                0x2f1 (size before relaxing)
 .debug_str     0x0000106f      0x1ec Libraria/lcd.o
                                0x417 (size before relaxing)
 .debug_str     0x0000125b      0x1e3 Libraria/lfsm.o
                                0x402 (size before relaxing)
 .debug_str     0x0000143e      0x201 Libraria/pcf8563rtc.o
                                0x443 (size before relaxing)
 .debug_str     0x0000163f       0x95 main.o
                                0x680 (size before relaxing)

.debug_loc      0x00000000     0x6988
 *(.debug_loc)
 .debug_loc     0x00000000      0x228 Libraria/74hc595.o
 .debug_loc     0x00000228      0x32d Libraria/atmega128analog.o
 .debug_loc     0x00000555      0x924 Libraria/atmega128timer.o
 .debug_loc     0x00000e79      0xc68 Libraria/atmega128uart.o
 .debug_loc     0x00001ae1     0x16a1 Libraria/function.o
 .debug_loc     0x00003182      0x12e Libraria/i2c.o
 .debug_loc     0x000032b0      0x444 Libraria/keypad.o
 .debug_loc     0x000036f4     0x10ee Libraria/lcd.o
 .debug_loc     0x000047e2     0x1355 Libraria/lfsm.o
 .debug_loc     0x00005b37      0x851 Libraria/pcf8563rtc.o
 .debug_loc     0x00006388      0x600 main.o

.debug_macinfo
 *(.debug_macinfo)

.debug_weaknames
 *(.debug_weaknames)

.debug_funcnames
 *(.debug_funcnames)

.debug_typenames
 *(.debug_typenames)

.debug_varnames
 *(.debug_varnames)

.debug_pubtypes
 *(.debug_pubtypes)

.debug_ranges   0x00000000      0x620
 *(.debug_ranges)
 .debug_ranges  0x00000000       0x28 Libraria/74hc595.o
 .debug_ranges  0x00000028       0x20 Libraria/atmega128analog.o
 .debug_ranges  0x00000048      0x148 Libraria/atmega128timer.o
 .debug_ranges  0x00000190       0xb8 Libraria/atmega128uart.o
 .debug_ranges  0x00000248      0x148 Libraria/function.o
 .debug_ranges  0x00000390       0x40 Libraria/i2c.o
 .debug_ranges  0x000003d0       0x40 Libraria/keypad.o
 .debug_ranges  0x00000410       0xf0 Libraria/lcd.o
 .debug_ranges  0x00000500       0x78 Libraria/lfsm.o
 .debug_ranges  0x00000578       0x88 Libraria/pcf8563rtc.o
 .debug_ranges  0x00000600       0x20 main.o

.debug_macro
 *(.debug_macro)
OUTPUT(Atmega128.elf elf32-avr)
LOAD linker stubs
